Archive member included to satisfy reference by file (symbol)

/opt/st/stm32cubeide_1.13.1/plugins/com.st.stm32cube.ide.mcu.externaltools.gnu-tools-for-stm32.11.3.rel1.linux64_1.1.0.202305231506/tools/bin/../lib/gcc/arm-none-eabi/11.3.1/../../../../arm-none-eabi/lib/thumb/v7e-m/nofp/libstdc++.a(del_ops.o)
                              CMakeFiles/bdcmc.elf.dir/Core/Src/controller.cpp.obj (operator delete(void*, unsigned int))
/opt/st/stm32cubeide_1.13.1/plugins/com.st.stm32cube.ide.mcu.externaltools.gnu-tools-for-stm32.11.3.rel1.linux64_1.1.0.202305231506/tools/bin/../lib/gcc/arm-none-eabi/11.3.1/../../../../arm-none-eabi/lib/thumb/v7e-m/nofp/libstdc++.a(eh_alloc.o)
                              CMakeFiles/bdcmc.elf.dir/Core/Src/controller.cpp.obj (__cxa_allocate_exception)
/opt/st/stm32cubeide_1.13.1/plugins/com.st.stm32cube.ide.mcu.externaltools.gnu-tools-for-stm32.11.3.rel1.linux64_1.1.0.202305231506/tools/bin/../lib/gcc/arm-none-eabi/11.3.1/../../../../arm-none-eabi/lib/thumb/v7e-m/nofp/libstdc++.a(eh_exception.o)
                              CMakeFiles/bdcmc.elf.dir/Core/Src/controller.cpp.obj (std::exception::~exception())
/opt/st/stm32cubeide_1.13.1/plugins/com.st.stm32cube.ide.mcu.externaltools.gnu-tools-for-stm32.11.3.rel1.linux64_1.1.0.202305231506/tools/bin/../lib/gcc/arm-none-eabi/11.3.1/../../../../arm-none-eabi/lib/thumb/v7e-m/nofp/libstdc++.a(eh_terminate.o)
                              /opt/st/stm32cubeide_1.13.1/plugins/com.st.stm32cube.ide.mcu.externaltools.gnu-tools-for-stm32.11.3.rel1.linux64_1.1.0.202305231506/tools/bin/../lib/gcc/arm-none-eabi/11.3.1/../../../../arm-none-eabi/lib/thumb/v7e-m/nofp/libstdc++.a(eh_alloc.o) (std::terminate())
/opt/st/stm32cubeide_1.13.1/plugins/com.st.stm32cube.ide.mcu.externaltools.gnu-tools-for-stm32.11.3.rel1.linux64_1.1.0.202305231506/tools/bin/../lib/gcc/arm-none-eabi/11.3.1/../../../../arm-none-eabi/lib/thumb/v7e-m/nofp/libstdc++.a(eh_throw.o)
                              CMakeFiles/bdcmc.elf.dir/Core/Src/controller.cpp.obj (__cxa_throw)
/opt/st/stm32cubeide_1.13.1/plugins/com.st.stm32cube.ide.mcu.externaltools.gnu-tools-for-stm32.11.3.rel1.linux64_1.1.0.202305231506/tools/bin/../lib/gcc/arm-none-eabi/11.3.1/../../../../arm-none-eabi/lib/thumb/v7e-m/nofp/libstdc++.a(eh_unex_handler.o)
                              /opt/st/stm32cubeide_1.13.1/plugins/com.st.stm32cube.ide.mcu.externaltools.gnu-tools-for-stm32.11.3.rel1.linux64_1.1.0.202305231506/tools/bin/../lib/gcc/arm-none-eabi/11.3.1/../../../../arm-none-eabi/lib/thumb/v7e-m/nofp/libstdc++.a(eh_terminate.o) (__cxxabiv1::__unexpected_handler)
/opt/st/stm32cubeide_1.13.1/plugins/com.st.stm32cube.ide.mcu.externaltools.gnu-tools-for-stm32.11.3.rel1.linux64_1.1.0.202305231506/tools/bin/../lib/gcc/arm-none-eabi/11.3.1/../../../../arm-none-eabi/lib/thumb/v7e-m/nofp/libstdc++.a(si_class_type_info.o)
                              CMakeFiles/bdcmc.elf.dir/Core/Src/controller.cpp.obj (vtable for __cxxabiv1::__si_class_type_info)
/opt/st/stm32cubeide_1.13.1/plugins/com.st.stm32cube.ide.mcu.externaltools.gnu-tools-for-stm32.11.3.rel1.linux64_1.1.0.202305231506/tools/bin/../lib/gcc/arm-none-eabi/11.3.1/../../../../arm-none-eabi/lib/thumb/v7e-m/nofp/libstdc++.a(tinfo.o)
                              /opt/st/stm32cubeide_1.13.1/plugins/com.st.stm32cube.ide.mcu.externaltools.gnu-tools-for-stm32.11.3.rel1.linux64_1.1.0.202305231506/tools/bin/../lib/gcc/arm-none-eabi/11.3.1/../../../../arm-none-eabi/lib/thumb/v7e-m/nofp/libstdc++.a(si_class_type_info.o) (std::type_info::__is_pointer_p() const)
/opt/st/stm32cubeide_1.13.1/plugins/com.st.stm32cube.ide.mcu.externaltools.gnu-tools-for-stm32.11.3.rel1.linux64_1.1.0.202305231506/tools/bin/../lib/gcc/arm-none-eabi/11.3.1/../../../../arm-none-eabi/lib/thumb/v7e-m/nofp/libstdc++.a(vterminate.o)
                              /opt/st/stm32cubeide_1.13.1/plugins/com.st.stm32cube.ide.mcu.externaltools.gnu-tools-for-stm32.11.3.rel1.linux64_1.1.0.202305231506/tools/bin/../lib/gcc/arm-none-eabi/11.3.1/../../../../arm-none-eabi/lib/thumb/v7e-m/nofp/libstdc++.a(eh_terminate.o) (__gnu_cxx::__verbose_terminate_handler())
/opt/st/stm32cubeide_1.13.1/plugins/com.st.stm32cube.ide.mcu.externaltools.gnu-tools-for-stm32.11.3.rel1.linux64_1.1.0.202305231506/tools/bin/../lib/gcc/arm-none-eabi/11.3.1/../../../../arm-none-eabi/lib/thumb/v7e-m/nofp/libstdc++.a(class_type_info.o)
                              /opt/st/stm32cubeide_1.13.1/plugins/com.st.stm32cube.ide.mcu.externaltools.gnu-tools-for-stm32.11.3.rel1.linux64_1.1.0.202305231506/tools/bin/../lib/gcc/arm-none-eabi/11.3.1/../../../../arm-none-eabi/lib/thumb/v7e-m/nofp/libstdc++.a(si_class_type_info.o) (__cxxabiv1::__class_type_info::__do_upcast(__cxxabiv1::__class_type_info const*, void**) const)
[...]
Memory Configuration

Name             Origin             Length             Attributes
RAM              0x0000000020000000 0x0000000000008000 xrw
FLASH            0x0000000008000000 0x0000000000020000 xr
*default*        0x0000000000000000 0xffffffffffffffff

Linker script and memory map

LOAD /opt/st/stm32cubeide_1.13.1/plugins/com.st.stm32cube.ide.mcu.externaltools.gnu-tools-for-stm32.11.3.rel1.linux64_1.1.0.202305231506/tools/bin/../lib/gcc/arm-none-eabi/11.3.1/thumb/v7e-m/nofp/crti.o
LOAD /opt/st/stm32cubeide_1.13.1/plugins/com.st.stm32cube.ide.mcu.externaltools.gnu-tools-for-stm32.11.3.rel1.linux64_1.1.0.202305231506/tools/bin/../lib/gcc/arm-none-eabi/11.3.1/thumb/v7e-m/nofp/crtbegin.o
LOAD /opt/st/stm32cubeide_1.13.1/plugins/com.st.stm32cube.ide.mcu.externaltools.gnu-tools-for-stm32.11.3.rel1.linux64_1.1.0.202305231506/tools/bin/../lib/gcc/arm-none-eabi/11.3.1/../../../../arm-none-eabi/lib/thumb/v7e-m/nofp/crt0.o
LOAD CMakeFiles/bdcmc.elf.dir/Core/Src/controller.cpp.obj
LOAD CMakeFiles/bdcmc.elf.dir/Core/Src/main.c.obj
LOAD CMakeFiles/bdcmc.elf.dir/Core/Src/readers/encoder.cpp.obj
LOAD CMakeFiles/bdcmc.elf.dir/Core/Src/stm32g4xx_hal_msp.c.obj
LOAD CMakeFiles/bdcmc.elf.dir/Core/Src/stm32g4xx_it.c.obj
LOAD CMakeFiles/bdcmc.elf.dir/Core/Src/syscalls.c.obj
LOAD CMakeFiles/bdcmc.elf.dir/Core/Src/sysmem.c.obj
LOAD CMakeFiles/bdcmc.elf.dir/Core/Src/system_stm32g4xx.c.obj
LOAD CMakeFiles/bdcmc.elf.dir/Core/Src/writers/brushedmotor.cpp.obj
LOAD CMakeFiles/bdcmc.elf.dir/Core/Startup/startup_stm32g431cbux.s.obj
LOAD CMakeFiles/bdcmc.elf.dir/Drivers/STM32G4xx_HAL_Driver/Src/stm32g4xx_hal.c.obj
LOAD CMakeFiles/bdcmc.elf.dir/Drivers/STM32G4xx_HAL_Driver/Src/stm32g4xx_hal_cortex.c.obj
LOAD CMakeFiles/bdcmc.elf.dir/Drivers/STM32G4xx_HAL_Driver/Src/stm32g4xx_hal_dma.c.obj
LOAD CMakeFiles/bdcmc.elf.dir/Drivers/STM32G4xx_HAL_Driver/Src/stm32g4xx_hal_dma_ex.c.obj
LOAD CMakeFiles/bdcmc.elf.dir/Drivers/STM32G4xx_HAL_Driver/Src/stm32g4xx_hal_exti.c.obj
LOAD CMakeFiles/bdcmc.elf.dir/Drivers/STM32G4xx_HAL_Driver/Src/stm32g4xx_hal_fdcan.c.obj
LOAD CMakeFiles/bdcmc.elf.dir/Drivers/STM32G4xx_HAL_Driver/Src/stm32g4xx_hal_flash.c.obj
LOAD CMakeFiles/bdcmc.elf.dir/Drivers/STM32G4xx_HAL_Driver/Src/stm32g4xx_hal_flash_ex.c.obj
LOAD CMakeFiles/bdcmc.elf.dir/Drivers/STM32G4xx_HAL_Driver/Src/stm32g4xx_hal_flash_ramfunc.c.obj
LOAD CMakeFiles/bdcmc.elf.dir/Drivers/STM32G4xx_HAL_Driver/Src/stm32g4xx_hal_gpio.c.obj
LOAD CMakeFiles/bdcmc.elf.dir/Drivers/STM32G4xx_HAL_Driver/Src/stm32g4xx_hal_i2c.c.obj
LOAD CMakeFiles/bdcmc.elf.dir/Drivers/STM32G4xx_HAL_Driver/Src/stm32g4xx_hal_i2c_ex.c.obj
LOAD CMakeFiles/bdcmc.elf.dir/Drivers/STM32G4xx_HAL_Driver/Src/stm32g4xx_hal_pwr.c.obj
LOAD CMakeFiles/bdcmc.elf.dir/Drivers/STM32G4xx_HAL_Driver/Src/stm32g4xx_hal_pwr_ex.c.obj
LOAD CMakeFiles/bdcmc.elf.dir/Drivers/STM32G4xx_HAL_Driver/Src/stm32g4xx_hal_rcc.c.obj
LOAD CMakeFiles/bdcmc.elf.dir/Drivers/STM32G4xx_HAL_Driver/Src/stm32g4xx_hal_rcc_ex.c.obj
LOAD CMakeFiles/bdcmc.elf.dir/Drivers/STM32G4xx_HAL_Driver/Src/stm32g4xx_hal_tim.c.obj
LOAD CMakeFiles/bdcmc.elf.dir/Drivers/STM32G4xx_HAL_Driver/Src/stm32g4xx_hal_tim_ex.c.obj
LOAD /opt/st/stm32cubeide_1.13.1/plugins/com.st.stm32cube.ide.mcu.externaltools.gnu-tools-for-stm32.11.3.rel1.linux64_1.1.0.202305231506/tools/bin/../lib/gcc/arm-none-eabi/11.3.1/../../../../arm-none-eabi/lib/thumb/v7e-m/nofp/libstdc++.a
LOAD /opt/st/stm32cubeide_1.13.1/plugins/com.st.stm32cube.ide.mcu.externaltools.gnu-tools-for-stm32.11.3.rel1.linux64_1.1.0.202305231506/tools/bin/../lib/gcc/arm-none-eabi/11.3.1/../../../../arm-none-eabi/lib/thumb/v7e-m/nofp/libm.a
START GROUP
LOAD /opt/st/stm32cubeide_1.13.1/plugins/com.st.stm32cube.ide.mcu.externaltools.gnu-tools-for-stm32.11.3.rel1.linux64_1.1.0.202305231506/tools/bin/../lib/gcc/arm-none-eabi/11.3.1/thumb/v7e-m/nofp/libgcc.a
LOAD /opt/st/stm32cubeide_1.13.1/plugins/com.st.stm32cube.ide.mcu.externaltools.gnu-tools-for-stm32.11.3.rel1.linux64_1.1.0.202305231506/tools/bin/../lib/gcc/arm-none-eabi/11.3.1/../../../../arm-none-eabi/lib/thumb/v7e-m/nofp/libg.a
LOAD /opt/st/stm32cubeide_1.13.1/plugins/com.st.stm32cube.ide.mcu.externaltools.gnu-tools-for-stm32.11.3.rel1.linux64_1.1.0.202305231506/tools/bin/../lib/gcc/arm-none-eabi/11.3.1/../../../../arm-none-eabi/lib/thumb/v7e-m/nofp/libc.a
END GROUP
LOAD /opt/st/stm32cubeide_1.13.1/plugins/com.st.stm32cube.ide.mcu.externaltools.gnu-tools-for-stm32.11.3.rel1.linux64_1.1.0.202305231506/tools/bin/../lib/gcc/arm-none-eabi/11.3.1/thumb/v7e-m/nofp/crtend.o
LOAD /opt/st/stm32cubeide_1.13.1/plugins/com.st.stm32cube.ide.mcu.externaltools.gnu-tools-for-stm32.11.3.rel1.linux64_1.1.0.202305231506/tools/bin/../lib/gcc/arm-none-eabi/11.3.1/thumb/v7e-m/nofp/crtn.o
                0x0000000020008000                _estack = (ORIGIN (RAM) + LENGTH (RAM))
                0x0000000000000200                _Min_Heap_Size = 0x200
                0x0000000000000400                _Min_Stack_Size = 0x400

.isr_vector     0x0000000008000000      0x1d8
                0x0000000008000000                . = ALIGN (0x4)
 *(.isr_vector)
 .isr_vector    0x0000000008000000      0x1d8 CMakeFiles/bdcmc.elf.dir/Core/Startup/startup_stm32g431cbux.s.obj
                0x0000000008000000                g_pfnVectors
                0x00000000080001d8                . = ALIGN (0x4)

.text           0x00000000080001e0    0x1051c
                0x00000000080001e0                . = ALIGN (0x4)
 *(.text)
 .text          0x00000000080001e0       0x40 /opt/st/stm32cubeide_1.13.1/plugins/com.st.stm32cube.ide.mcu.externaltools.gnu-tools-for-stm32.11.3.rel1.linux64_1.1.0.202305231506/tools/bin/../lib/gcc/arm-none-eabi/11.3.1/thumb/v7e-m/nofp/crtbegin.o
 .text          0x0000000008000220     0x605c /opt/st/stm32cubeide_1.13.1/plugins/com.st.stm32cube.ide.mcu.externaltools.gnu-tools-for-stm32.11.3.rel1.linux64_1.1.0.202305231506/tools/bin/../lib/gcc/arm-none-eabi/11.3.1/../../../../arm-none-eabi/lib/thumb/v7e-m/nofp/libstdc++.a(cp-demangle.o)
                0x0000000008006194                __cxa_demangle
                0x0000000008006258                __gcclibcxx_demangle_callback
 .text          0x000000000800627c      0x378 /opt/st/stm32cubeide_1.13.1/plugins/com.st.stm32cube.ide.mcu.externaltools.gnu-tools-for-stm32.11.3.rel1.linux64_1.1.0.202305231506/tools/bin/../lib/gcc/arm-none-eabi/11.3.1/thumb/v7e-m/nofp/libgcc.a(_arm_addsubdf3.o)
                0x000000000800627c                __aeabi_drsub
                0x0000000008006284                __aeabi_dsub
                0x0000000008006284                __subdf3
                0x0000000008006288                __adddf3
                0x0000000008006288                __aeabi_dadd
                0x0000000008006500                __aeabi_ui2d
                0x0000000008006500                __floatunsidf
                0x0000000008006520                __floatsidf
                0x0000000008006520                __aeabi_i2d
                0x0000000008006544                __extendsfdf2
                0x0000000008006544                __aeabi_f2d
                0x0000000008006588                __aeabi_ul2d
                0x0000000008006588                __floatundidf
                0x0000000008006598                __floatdidf
                0x0000000008006598                __aeabi_l2d
 .text          0x00000000080065f4      0x424 /opt/st/stm32cubeide_1.13.1/plugins/com.st.stm32cube.ide.mcu.externaltools.gnu-tools-for-stm32.11.3.rel1.linux64_1.1.0.202305231506/tools/bin/../lib/gcc/arm-none-eabi/11.3.1/thumb/v7e-m/nofp/libgcc.a(_arm_muldivdf3.o)
                0x00000000080065f4                __aeabi_dmul
                0x00000000080065f4                __muldf3
                0x0000000008006848                __aeabi_ddiv
                0x0000000008006848                __divdf3
 .text          0x0000000008006a18      0x110 /opt/st/stm32cubeide_1.13.1/plugins/com.st.stm32cube.ide.mcu.externaltools.gnu-tools-for-stm32.11.3.rel1.linux64_1.1.0.202305231506/tools/bin/../lib/gcc/arm-none-eabi/11.3.1/thumb/v7e-m/nofp/libgcc.a(_arm_cmpdf2.o)
                0x0000000008006a18                __gtdf2
                0x0000000008006a18                __gedf2
                0x0000000008006a20                __ltdf2
                0x0000000008006a20                __ledf2
                0x0000000008006a28                __cmpdf2
                0x0000000008006a28                __eqdf2
                0x0000000008006a28                __nedf2
                0x0000000008006aa4                __aeabi_cdrcmple
                0x0000000008006ab4                __aeabi_cdcmple
                0x0000000008006ab4                __aeabi_cdcmpeq
                0x0000000008006ac4                __aeabi_dcmpeq
                0x0000000008006ad8                __aeabi_dcmplt
                0x0000000008006aec                __aeabi_dcmple
                0x0000000008006b00                __aeabi_dcmpge
                0x0000000008006b14                __aeabi_dcmpgt
 .text          0x0000000008006b28       0x2c /opt/st/stm32cubeide_1.13.1/plugins/com.st.stm32cube.ide.mcu.externaltools.gnu-tools-for-stm32.11.3.rel1.linux64_1.1.0.202305231506/tools/bin/../lib/gcc/arm-none-eabi/11.3.1/thumb/v7e-m/nofp/libgcc.a(_arm_unorddf2.o)
                0x0000000008006b28                __aeabi_dcmpun
                0x0000000008006b28                __unorddf2
 .text          0x0000000008006b54      0xa00 /opt/st/stm32cubeide_1.13.1/plugins/com.st.stm32cube.ide.mcu.externaltools.gnu-tools-for-stm32.11.3.rel1.linux64_1.1.0.202305231506/tools/bin/../lib/gcc/arm-none-eabi/11.3.1/thumb/v7e-m/nofp/libgcc.a(unwind-arm.o)
                0x0000000008006df8                _Unwind_GetCFA
                0x0000000008006dfc                __gnu_Unwind_RaiseException
                0x0000000008006e64                __gnu_Unwind_ForcedUnwind
                0x0000000008006e74                __gnu_Unwind_Resume
                0x0000000008006eb8                __gnu_Unwind_Resume_or_Rethrow
                0x0000000008006ec8                _Unwind_Complete
                0x0000000008006ecc                _Unwind_DeleteException
                0x0000000008006ed8                _Unwind_VRS_Get
                0x0000000008006f24                _Unwind_VRS_Set
                0x0000000008006f6c                __gnu_Unwind_Backtrace
                0x0000000008007298                __aeabi_unwind_cpp_pr0
                0x000000000800729c                __aeabi_unwind_cpp_pr1
                0x00000000080072a0                __aeabi_unwind_cpp_pr2
                0x00000000080072a4                _Unwind_VRS_Pop
 .text          0x0000000008007554      0x1ac /opt/st/stm32cubeide_1.13.1/plugins/com.st.stm32cube.ide.mcu.externaltools.gnu-tools-for-stm32.11.3.rel1.linux64_1.1.0.202305231506/tools/bin/../lib/gcc/arm-none-eabi/11.3.1/thumb/v7e-m/nofp/libgcc.a(libunwind.o)
                0x0000000008007554                __restore_core_regs
                0x0000000008007554                restore_core_regs
                0x000000000800756c                __gnu_Unwind_Restore_VFP
                0x0000000008007574                __gnu_Unwind_Save_VFP
                0x000000000800757c                __gnu_Unwind_Restore_VFP_D
                0x0000000008007584                __gnu_Unwind_Save_VFP_D
                0x000000000800758c                __gnu_Unwind_Restore_VFP_D_16_to_31
                0x0000000008007594                __gnu_Unwind_Save_VFP_D_16_to_31
                0x000000000800759c                __gnu_Unwind_Restore_WMMXD
                0x00000000080075e0                __gnu_Unwind_Save_WMMXD
                0x0000000008007624                __gnu_Unwind_Restore_WMMXC
                0x0000000008007638                __gnu_Unwind_Save_WMMXC
                0x000000000800764c                ___Unwind_RaiseException
                0x000000000800764c                _Unwind_RaiseException
                0x0000000008007670                ___Unwind_Resume
                0x0000000008007670                _Unwind_Resume
                0x0000000008007694                _Unwind_Resume_or_Rethrow
                0x0000000008007694                ___Unwind_Resume_or_Rethrow
                0x00000000080076b8                ___Unwind_ForcedUnwind
                0x00000000080076b8                _Unwind_ForcedUnwind
                0x00000000080076dc                _Unwind_Backtrace
                0x00000000080076dc                ___Unwind_Backtrace
 .text          0x0000000008007700      0x330 /opt/st/stm32cubeide_1.13.1/plugins/com.st.stm32cube.ide.mcu.externaltools.gnu-tools-for-stm32.11.3.rel1.linux64_1.1.0.202305231506/tools/bin/../lib/gcc/arm-none-eabi/11.3.1/thumb/v7e-m/nofp/libgcc.a(pr-support.o)
                0x0000000008007758                __gnu_unwind_execute
                0x00000000080079e4                __gnu_unwind_frame
                0x0000000008007a10                _Unwind_GetRegionStart
                0x0000000008007a1c                _Unwind_GetLanguageSpecificData
 .text          0x0000000008007a30       0x14 /opt/st/stm32cubeide_1.13.1/plugins/com.st.stm32cube.ide.mcu.externaltools.gnu-tools-for-stm32.11.3.rel1.linux64_1.1.0.202305231506/tools/bin/../lib/gcc/arm-none-eabi/11.3.1/../../../../arm-none-eabi/lib/thumb/v7e-m/nofp/libg.a(libc_a-strcmp.o)
                0x0000000008007a30                strcmp
 *fill*         0x0000000008007a44        0xc 
 .text          0x0000000008007a50       0xa0 /opt/st/stm32cubeide_1.13.1/plugins/com.st.stm32cube.ide.mcu.externaltools.gnu-tools-for-stm32.11.3.rel1.linux64_1.1.0.202305231506/tools/bin/../lib/gcc/arm-none-eabi/11.3.1/../../../../arm-none-eabi/lib/thumb/v7e-m/nofp/libg.a(libc_a-memchr.o)
                0x0000000008007a50                memchr
 .text          0x0000000008007af0       0x10 /opt/st/stm32cubeide_1.13.1/plugins/com.st.stm32cube.ide.mcu.externaltools.gnu-tools-for-stm32.11.3.rel1.linux64_1.1.0.202305231506/tools/bin/../lib/gcc/arm-none-eabi/11.3.1/../../../../arm-none-eabi/lib/thumb/v7e-m/nofp/libg.a(libc_a-strlen.o)
                0x0000000008007af0                strlen
 .text          0x0000000008007b00       0x50 /opt/st/stm32cubeide_1.13.1/plugins/com.st.stm32cube.ide.mcu.externaltools.gnu-tools-for-stm32.11.3.rel1.linux64_1.1.0.202305231506/tools/bin/../lib/gcc/arm-none-eabi/11.3.1/thumb/v7e-m/nofp/libgcc.a(_arm_fixdfsi.o)
                0x0000000008007b00                __fixdfsi
                0x0000000008007b00                __aeabi_d2iz
 .text          0x0000000008007b50       0x30 /opt/st/stm32cubeide_1.13.1/plugins/com.st.stm32cube.ide.mcu.externaltools.gnu-tools-for-stm32.11.3.rel1.linux64_1.1.0.202305231506/tools/bin/../lib/gcc/arm-none-eabi/11.3.1/thumb/v7e-m/nofp/libgcc.a(_aeabi_uldivmod.o)
                0x0000000008007b50                __aeabi_uldivmod
 .text          0x0000000008007b80      0x2c8 /opt/st/stm32cubeide_1.13.1/plugins/com.st.stm32cube.ide.mcu.externaltools.gnu-tools-for-stm32.11.3.rel1.linux64_1.1.0.202305231506/tools/bin/../lib/gcc/arm-none-eabi/11.3.1/thumb/v7e-m/nofp/libgcc.a(_udivmoddi4.o)
                0x0000000008007b80                __udivmoddi4
 .text          0x0000000008007e48        0x4 /opt/st/stm32cubeide_1.13.1/plugins/com.st.stm32cube.ide.mcu.externaltools.gnu-tools-for-stm32.11.3.rel1.linux64_1.1.0.202305231506/tools/bin/../lib/gcc/arm-none-eabi/11.3.1/thumb/v7e-m/nofp/libgcc.a(_dvmd_tls.o)
                0x0000000008007e48                __aeabi_ldiv0
                0x0000000008007e48                __aeabi_idiv0
 *(.text*)
 .text._ZNKSt18bad_variant_access4whatEv
                0x0000000008007e4c        0x4 CMakeFiles/bdcmc.elf.dir/Core/Src/controller.cpp.obj
                0x0000000008007e4c                std::bad_variant_access::what() const
 .text._ZNSt18bad_variant_accessD2Ev
                0x0000000008007e50       0x14 CMakeFiles/bdcmc.elf.dir/Core/Src/controller.cpp.obj
                0x0000000008007e50                std::bad_variant_access::~bad_variant_access()
                0x0000000008007e50                std::bad_variant_access::~bad_variant_access()
 .text._ZNSt18bad_variant_accessD0Ev
                0x0000000008007e64       0x1c CMakeFiles/bdcmc.elf.dir/Core/Src/controller.cpp.obj
                0x0000000008007e64                std::bad_variant_access::~bad_variant_access()
 .text._ZSt26__throw_bad_variant_accessPKc
                0x0000000008007e80       0x2c CMakeFiles/bdcmc.elf.dir/Core/Src/controller.cpp.obj
                0x0000000008007e80                std::__throw_bad_variant_access(char const*)
 .text._ZSt26__throw_bad_variant_accessb
                0x0000000008007eac       0x18 CMakeFiles/bdcmc.elf.dir/Core/Src/controller.cpp.obj
                0x0000000008007eac                std::__throw_bad_variant_access(bool)
 .text._ZNSt8__detail9__variant17__gen_vtable_implINS0_12_Multi_arrayIPFNS0_21__deduce_visit_resultIvEEOZN6mrover10ControllerINS5_4UnitISt5ratioILx1ELx1EES8_ILx0ELx1EESA_SA_S9_SA_SA_SA_EENS7_IS9_S8_ILx2ELx1EES9_S8_ILxn3ELx1EESA_S8_ILxn1ELx1EESA_SA_EENS5_13EncoderReaderENS5_18BrushedMotorWriterENS7_IS9_SA_SA_S9_SA_SA_SA_SA_EEE6updateERKSt7variantIJNS5_11IdleCommandENS5_15ThrottleCommandENS5_15VelocityCommandENS5_15PositionCommandEEEEUlRKT_E_SR_EJEEESt16integer_sequenceIjJLj1EEEE14__visit_invokeESW_SR_
                0x0000000008007ec4       0x24 CMakeFiles/bdcmc.elf.dir/Core/Src/controller.cpp.obj
                0x0000000008007ec4                std::__detail::__variant::__gen_vtable_impl<std::__detail::__variant::_Multi_array<std::__detail::__variant::__deduce_visit_result<void> (*)(mrover::Controller<mrover::Unit<std::ratio<1ll, 1ll>, std::ratio<0ll, 1ll>, std::ratio<0ll, 1ll>, std::ratio<0ll, 1ll>, std::ratio<1ll, 1ll>, std::ratio<0ll, 1ll>, std::ratio<0ll, 1ll>, std::ratio<0ll, 1ll> >, mrover::Unit<std::ratio<1ll, 1ll>, std::ratio<2ll, 1ll>, std::ratio<1ll, 1ll>, std::ratio<-3ll, 1ll>, std::ratio<0ll, 1ll>, std::ratio<-1ll, 1ll>, std::ratio<0ll, 1ll>, std::ratio<0ll, 1ll> >, mrover::EncoderReader, mrover::BrushedMotorWriter, mrover::Unit<std::ratio<1ll, 1ll>, std::ratio<0ll, 1ll>, std::ratio<0ll, 1ll>, std::ratio<1ll, 1ll>, std::ratio<0ll, 1ll>, std::ratio<0ll, 1ll>, std::ratio<0ll, 1ll>, std::ratio<0ll, 1ll> > >::update(std::variant<mrover::IdleCommand, mrover::ThrottleCommand, mrover::VelocityCommand, mrover::PositionCommand> const&)::{lambda(auto:1 const&)#1}&&, std::variant<mrover::IdleCommand, mrover::ThrottleCommand, mrover::VelocityCommand, mrover::PositionCommand> const&)>, std::integer_sequence<unsigned int, 1u> >::__visit_invoke(mrover::Controller<mrover::Unit<std::ratio<1ll, 1ll>, std::ratio<0ll, 1ll>, std::ratio<0ll, 1ll>, std::ratio<0ll, 1ll>, std::ratio<1ll, 1ll>, std::ratio<0ll, 1ll>, std::ratio<0ll, 1ll>, std::ratio<0ll, 1ll> >, mrover::Unit<std::ratio<1ll, 1ll>, std::ratio<2ll, 1ll>, std::ratio<1ll, 1ll>, std::ratio<-3ll, 1ll>, std::ratio<0ll, 1ll>, std::ratio<-1ll, 1ll>, std::ratio<0ll, 1ll>, std::ratio<0ll, 1ll> >, mrover::EncoderReader, mrover::BrushedMotorWriter, mrover::Unit<std::ratio<1ll, 1ll>, std::ratio<0ll, 1ll>, std::ratio<0ll, 1ll>, std::ratio<1ll, 1ll>, std::ratio<0ll, 1ll>, std::ratio<0ll, 1ll>, std::ratio<0ll, 1ll>, std::ratio<0ll, 1ll> > >::update(std::variant<mrover::IdleCommand, mrover::ThrottleCommand, mrover::VelocityCommand, mrover::PositionCommand> const&)::{lambda(auto:1 const&)#1}&&, std::variant<mrover::IdleCommand, mrover::ThrottleCommand, mrover::VelocityCommand, mrover::PositionCommand> const&)
 .text._ZNSt8__detail9__variant17__gen_vtable_implINS0_12_Multi_arrayIPFNS0_21__deduce_visit_resultIvEEOZN6mrover10ControllerINS5_4UnitISt5ratioILx1ELx1EES8_ILx0ELx1EESA_SA_S9_SA_SA_SA_EENS7_IS9_S8_ILx2ELx1EES9_S8_ILxn3ELx1EESA_S8_ILxn1ELx1EESA_SA_EENS5_13EncoderReaderENS5_18BrushedMotorWriterENS7_IS9_SA_SA_S9_SA_SA_SA_SA_EEE6updateERKSt7variantIJNS5_11IdleCommandENS5_15ThrottleCommandENS5_15VelocityCommandENS5_15PositionCommandEEEEUlRKT_E_SR_EJEEESt16integer_sequenceIjJLj0EEEE14__visit_invokeESW_SR_
                0x0000000008007ee8       0x18 CMakeFiles/bdcmc.elf.dir/Core/Src/controller.cpp.obj
                0x0000000008007ee8                std::__detail::__variant::__gen_vtable_impl<std::__detail::__variant::_Multi_array<std::__detail::__variant::__deduce_visit_result<void> (*)(mrover::Controller<mrover::Unit<std::ratio<1ll, 1ll>, std::ratio<0ll, 1ll>, std::ratio<0ll, 1ll>, std::ratio<0ll, 1ll>, std::ratio<1ll, 1ll>, std::ratio<0ll, 1ll>, std::ratio<0ll, 1ll>, std::ratio<0ll, 1ll> >, mrover::Unit<std::ratio<1ll, 1ll>, std::ratio<2ll, 1ll>, std::ratio<1ll, 1ll>, std::ratio<-3ll, 1ll>, std::ratio<0ll, 1ll>, std::ratio<-1ll, 1ll>, std::ratio<0ll, 1ll>, std::ratio<0ll, 1ll> >, mrover::EncoderReader, mrover::BrushedMotorWriter, mrover::Unit<std::ratio<1ll, 1ll>, std::ratio<0ll, 1ll>, std::ratio<0ll, 1ll>, std::ratio<1ll, 1ll>, std::ratio<0ll, 1ll>, std::ratio<0ll, 1ll>, std::ratio<0ll, 1ll>, std::ratio<0ll, 1ll> > >::update(std::variant<mrover::IdleCommand, mrover::ThrottleCommand, mrover::VelocityCommand, mrover::PositionCommand> const&)::{lambda(auto:1 const&)#1}&&, std::variant<mrover::IdleCommand, mrover::ThrottleCommand, mrover::VelocityCommand, mrover::PositionCommand> const&)>, std::integer_sequence<unsigned int, 0u> >::__visit_invoke(mrover::Controller<mrover::Unit<std::ratio<1ll, 1ll>, std::ratio<0ll, 1ll>, std::ratio<0ll, 1ll>, std::ratio<0ll, 1ll>, std::ratio<1ll, 1ll>, std::ratio<0ll, 1ll>, std::ratio<0ll, 1ll>, std::ratio<0ll, 1ll> >, mrover::Unit<std::ratio<1ll, 1ll>, std::ratio<2ll, 1ll>, std::ratio<1ll, 1ll>, std::ratio<-3ll, 1ll>, std::ratio<0ll, 1ll>, std::ratio<-1ll, 1ll>, std::ratio<0ll, 1ll>, std::ratio<0ll, 1ll> >, mrover::EncoderReader, mrover::BrushedMotorWriter, mrover::Unit<std::ratio<1ll, 1ll>, std::ratio<0ll, 1ll>, std::ratio<0ll, 1ll>, std::ratio<1ll, 1ll>, std::ratio<0ll, 1ll>, std::ratio<0ll, 1ll>, std::ratio<0ll, 1ll>, std::ratio<0ll, 1ll> > >::update(std::variant<mrover::IdleCommand, mrover::ThrottleCommand, mrover::VelocityCommand, mrover::PositionCommand> const&)::{lambda(auto:1 const&)#1}&&, std::variant<mrover::IdleCommand, mrover::ThrottleCommand, mrover::VelocityCommand, mrover::PositionCommand> const&)
 .text._ZNSt8__detail9__variant17__gen_vtable_implINS0_12_Multi_arrayIPFNS0_21__deduce_visit_resultIvEEOZN6mrover10ControllerINS5_4UnitISt5ratioILx1ELx1EES8_ILx0ELx1EESA_SA_S9_SA_SA_SA_EENS7_IS9_S8_ILx2ELx1EES9_S8_ILxn3ELx1EESA_S8_ILxn1ELx1EESA_SA_EENS5_13EncoderReaderENS5_18BrushedMotorWriterENS7_IS9_SA_SA_S9_SA_SA_SA_SA_EEE6updateERKSt7variantIJNS5_11IdleCommandENS5_15ThrottleCommandENS5_15VelocityCommandENS5_15PositionCommandEEEEUlRKT_E_SR_EJEEESt16integer_sequenceIjJLj2EEEE14__visit_invokeESW_SR_
                0x0000000008007f00       0x80 CMakeFiles/bdcmc.elf.dir/Core/Src/controller.cpp.obj
                0x0000000008007f00                std::__detail::__variant::__gen_vtable_impl<std::__detail::__variant::_Multi_array<std::__detail::__variant::__deduce_visit_result<void> (*)(mrover::Controller<mrover::Unit<std::ratio<1ll, 1ll>, std::ratio<0ll, 1ll>, std::ratio<0ll, 1ll>, std::ratio<0ll, 1ll>, std::ratio<1ll, 1ll>, std::ratio<0ll, 1ll>, std::ratio<0ll, 1ll>, std::ratio<0ll, 1ll> >, mrover::Unit<std::ratio<1ll, 1ll>, std::ratio<2ll, 1ll>, std::ratio<1ll, 1ll>, std::ratio<-3ll, 1ll>, std::ratio<0ll, 1ll>, std::ratio<-1ll, 1ll>, std::ratio<0ll, 1ll>, std::ratio<0ll, 1ll> >, mrover::EncoderReader, mrover::BrushedMotorWriter, mrover::Unit<std::ratio<1ll, 1ll>, std::ratio<0ll, 1ll>, std::ratio<0ll, 1ll>, std::ratio<1ll, 1ll>, std::ratio<0ll, 1ll>, std::ratio<0ll, 1ll>, std::ratio<0ll, 1ll>, std::ratio<0ll, 1ll> > >::update(std::variant<mrover::IdleCommand, mrover::ThrottleCommand, mrover::VelocityCommand, mrover::PositionCommand> const&)::{lambda(auto:1 const&)#1}&&, std::variant<mrover::IdleCommand, mrover::ThrottleCommand, mrover::VelocityCommand, mrover::PositionCommand> const&)>, std::integer_sequence<unsigned int, 2u> >::__visit_invoke(mrover::Controller<mrover::Unit<std::ratio<1ll, 1ll>, std::ratio<0ll, 1ll>, std::ratio<0ll, 1ll>, std::ratio<0ll, 1ll>, std::ratio<1ll, 1ll>, std::ratio<0ll, 1ll>, std::ratio<0ll, 1ll>, std::ratio<0ll, 1ll> >, mrover::Unit<std::ratio<1ll, 1ll>, std::ratio<2ll, 1ll>, std::ratio<1ll, 1ll>, std::ratio<-3ll, 1ll>, std::ratio<0ll, 1ll>, std::ratio<-1ll, 1ll>, std::ratio<0ll, 1ll>, std::ratio<0ll, 1ll> >, mrover::EncoderReader, mrover::BrushedMotorWriter, mrover::Unit<std::ratio<1ll, 1ll>, std::ratio<0ll, 1ll>, std::ratio<0ll, 1ll>, std::ratio<1ll, 1ll>, std::ratio<0ll, 1ll>, std::ratio<0ll, 1ll>, std::ratio<0ll, 1ll>, std::ratio<0ll, 1ll> > >::update(std::variant<mrover::IdleCommand, mrover::ThrottleCommand, mrover::VelocityCommand, mrover::PositionCommand> const&)::{lambda(auto:1 const&)#1}&&, std::variant<mrover::IdleCommand, mrover::ThrottleCommand, mrover::VelocityCommand, mrover::PositionCommand> const&)
 .text._Z22HAL_FDCAN_GetRxMessageP19FDCAN_HandleTypeDefmP21FDCAN_RxHeaderTypeDefSt4spanISt4byteLj64EE
                0x0000000008007f80        0x8 CMakeFiles/bdcmc.elf.dir/Core/Src/controller.cpp.obj
                0x0000000008007f80                HAL_FDCAN_GetRxMessage(FDCAN_HandleTypeDef*, unsigned long, FDCAN_RxHeaderTypeDef*, std::span<std::byte, 64u>)
 .text.init     0x0000000008007f88       0x28 CMakeFiles/bdcmc.elf.dir/Core/Src/controller.cpp.obj
                0x0000000008007f88                init
 .text.loop     0x0000000008007fb0       0x54 CMakeFiles/bdcmc.elf.dir/Core/Src/controller.cpp.obj
                0x0000000008007fb0                loop
 *fill*         0x0000000008008004        0x4 
 .text._ZN6mrover4PIDFINS_4UnitISt5ratioILx1ELx1EES2_ILx0ELx1EES4_S4_S3_S4_S4_S4_EENS1_IS3_S2_ILx2ELx1EES3_S2_ILxn3ELx1EES4_S2_ILxn1ELx1EES4_S4_EENS1_IS3_S4_S4_S3_S4_S4_S4_S4_EEE9calculateES5_S5_SA_
                0x0000000008008008      0x440 CMakeFiles/bdcmc.elf.dir/Core/Src/controller.cpp.obj
                0x0000000008008008                mrover::PIDF<mrover::Unit<std::ratio<1ll, 1ll>, std::ratio<0ll, 1ll>, std::ratio<0ll, 1ll>, std::ratio<0ll, 1ll>, std::ratio<1ll, 1ll>, std::ratio<0ll, 1ll>, std::ratio<0ll, 1ll>, std::ratio<0ll, 1ll> >, mrover::Unit<std::ratio<1ll, 1ll>, std::ratio<2ll, 1ll>, std::ratio<1ll, 1ll>, std::ratio<-3ll, 1ll>, std::ratio<0ll, 1ll>, std::ratio<-1ll, 1ll>, std::ratio<0ll, 1ll>, std::ratio<0ll, 1ll> >, mrover::Unit<std::ratio<1ll, 1ll>, std::ratio<0ll, 1ll>, std::ratio<0ll, 1ll>, std::ratio<1ll, 1ll>, std::ratio<0ll, 1ll>, std::ratio<0ll, 1ll>, std::ratio<0ll, 1ll>, std::ratio<0ll, 1ll> > >::calculate(mrover::Unit<std::ratio<1ll, 1ll>, std::ratio<0ll, 1ll>, std::ratio<0ll, 1ll>, std::ratio<0ll, 1ll>, std::ratio<1ll, 1ll>, std::ratio<0ll, 1ll>, std::ratio<0ll, 1ll>, std::ratio<0ll, 1ll> >, mrover::Unit<std::ratio<1ll, 1ll>, std::ratio<0ll, 1ll>, std::ratio<0ll, 1ll>, std::ratio<0ll, 1ll>, std::ratio<1ll, 1ll>, std::ratio<0ll, 1ll>, std::ratio<0ll, 1ll>, std::ratio<0ll, 1ll> >, mrover::Unit<std::ratio<1ll, 1ll>, std::ratio<0ll, 1ll>, std::ratio<0ll, 1ll>, std::ratio<1ll, 1ll>, std::ratio<0ll, 1ll>, std::ratio<0ll, 1ll>, std::ratio<0ll, 1ll>, std::ratio<0ll, 1ll> >)
 .text._ZNSt8__detail9__variant17__gen_vtable_implINS0_12_Multi_arrayIPFNS0_21__deduce_visit_resultIvEEOZN6mrover10ControllerINS5_4UnitISt5ratioILx1ELx1EES8_ILx0ELx1EESA_SA_S9_SA_SA_SA_EENS7_IS9_S8_ILx2ELx1EES9_S8_ILxn3ELx1EESA_S8_ILxn1ELx1EESA_SA_EENS5_13EncoderReaderENS5_18BrushedMotorWriterENS7_IS9_SA_SA_S9_SA_SA_SA_SA_EEE6updateERKSt7variantIJNS5_11IdleCommandENS5_15ThrottleCommandENS5_15VelocityCommandENS5_15PositionCommandEEEEUlRKT_E_SR_EJEEESt16integer_sequenceIjJLj3EEEE14__visit_invokeESW_SR_
                0x0000000008008448       0xe0 CMakeFiles/bdcmc.elf.dir/Core/Src/controller.cpp.obj
                0x0000000008008448                std::__detail::__variant::__gen_vtable_impl<std::__detail::__variant::_Multi_array<std::__detail::__variant::__deduce_visit_result<void> (*)(mrover::Controller<mrover::Unit<std::ratio<1ll, 1ll>, std::ratio<0ll, 1ll>, std::ratio<0ll, 1ll>, std::ratio<0ll, 1ll>, std::ratio<1ll, 1ll>, std::ratio<0ll, 1ll>, std::ratio<0ll, 1ll>, std::ratio<0ll, 1ll> >, mrover::Unit<std::ratio<1ll, 1ll>, std::ratio<2ll, 1ll>, std::ratio<1ll, 1ll>, std::ratio<-3ll, 1ll>, std::ratio<0ll, 1ll>, std::ratio<-1ll, 1ll>, std::ratio<0ll, 1ll>, std::ratio<0ll, 1ll> >, mrover::EncoderReader, mrover::BrushedMotorWriter, mrover::Unit<std::ratio<1ll, 1ll>, std::ratio<0ll, 1ll>, std::ratio<0ll, 1ll>, std::ratio<1ll, 1ll>, std::ratio<0ll, 1ll>, std::ratio<0ll, 1ll>, std::ratio<0ll, 1ll>, std::ratio<0ll, 1ll> > >::update(std::variant<mrover::IdleCommand, mrover::ThrottleCommand, mrover::VelocityCommand, mrover::PositionCommand> const&)::{lambda(auto:1 const&)#1}&&, std::variant<mrover::IdleCommand, mrover::ThrottleCommand, mrover::VelocityCommand, mrover::PositionCommand> const&)>, std::integer_sequence<unsigned int, 3u> >::__visit_invoke(mrover::Controller<mrover::Unit<std::ratio<1ll, 1ll>, std::ratio<0ll, 1ll>, std::ratio<0ll, 1ll>, std::ratio<0ll, 1ll>, std::ratio<1ll, 1ll>, std::ratio<0ll, 1ll>, std::ratio<0ll, 1ll>, std::ratio<0ll, 1ll> >, mrover::Unit<std::ratio<1ll, 1ll>, std::ratio<2ll, 1ll>, std::ratio<1ll, 1ll>, std::ratio<-3ll, 1ll>, std::ratio<0ll, 1ll>, std::ratio<-1ll, 1ll>, std::ratio<0ll, 1ll>, std::ratio<0ll, 1ll> >, mrover::EncoderReader, mrover::BrushedMotorWriter, mrover::Unit<std::ratio<1ll, 1ll>, std::ratio<0ll, 1ll>, std::ratio<0ll, 1ll>, std::ratio<1ll, 1ll>, std::ratio<0ll, 1ll>, std::ratio<0ll, 1ll>, std::ratio<0ll, 1ll>, std::ratio<0ll, 1ll> > >::update(std::variant<mrover::IdleCommand, mrover::ThrottleCommand, mrover::VelocityCommand, mrover::PositionCommand> const&)::{lambda(auto:1 const&)#1}&&, std::variant<mrover::IdleCommand, mrover::ThrottleCommand, mrover::VelocityCommand, mrover::PositionCommand> const&)
 .text.MX_GPIO_Init
                0x0000000008008528       0x9c CMakeFiles/bdcmc.elf.dir/Core/Src/main.c.obj
 .text.Error_Handler
                0x00000000080085c4        0x4 CMakeFiles/bdcmc.elf.dir/Core/Src/main.c.obj
                0x00000000080085c4                Error_Handler
 .text.MX_FDCAN1_Init
                0x00000000080085c8       0x48 CMakeFiles/bdcmc.elf.dir/Core/Src/main.c.obj
 .text.MX_I2C1_Init
                0x0000000008008610       0x54 CMakeFiles/bdcmc.elf.dir/Core/Src/main.c.obj
 .text.MX_TIM3_Init
                0x0000000008008664       0x60 CMakeFiles/bdcmc.elf.dir/Core/Src/main.c.obj
 .text.MX_TIM15_Init
                0x00000000080086c4       0xb0 CMakeFiles/bdcmc.elf.dir/Core/Src/main.c.obj
 .text.SystemClock_Config
                0x0000000008008774       0x5e CMakeFiles/bdcmc.elf.dir/Core/Src/main.c.obj
                0x0000000008008774                SystemClock_Config
 .text.main     0x00000000080087d2       0x28 CMakeFiles/bdcmc.elf.dir/Core/Src/main.c.obj
                0x00000000080087d2                main
 .text._ZNK6mrover13EncoderReader10read_inputEv
                0x00000000080087fa        0xa CMakeFiles/bdcmc.elf.dir/Core/Src/readers/encoder.cpp.obj
                0x00000000080087fa                mrover::EncoderReader::read_input() const
 .text.HAL_MspInit
                0x0000000008008804       0x30 CMakeFiles/bdcmc.elf.dir/Core/Src/stm32g4xx_hal_msp.c.obj
                0x0000000008008804                HAL_MspInit
 .text.HAL_FDCAN_MspInit
                0x0000000008008834       0x90 CMakeFiles/bdcmc.elf.dir/Core/Src/stm32g4xx_hal_msp.c.obj
                0x0000000008008834                HAL_FDCAN_MspInit
 .text.HAL_I2C_MspInit
                0x00000000080088c4       0x88 CMakeFiles/bdcmc.elf.dir/Core/Src/stm32g4xx_hal_msp.c.obj
                0x00000000080088c4                HAL_I2C_MspInit
 .text.HAL_TIM_Encoder_MspInit
                0x000000000800894c       0x60 CMakeFiles/bdcmc.elf.dir/Core/Src/stm32g4xx_hal_msp.c.obj
                0x000000000800894c                HAL_TIM_Encoder_MspInit
 .text.HAL_TIM_OC_MspInit
                0x00000000080089ac       0x2c CMakeFiles/bdcmc.elf.dir/Core/Src/stm32g4xx_hal_msp.c.obj
                0x00000000080089ac                HAL_TIM_OC_MspInit
 .text.HAL_TIM_MspPostInit
                0x00000000080089d8       0x54 CMakeFiles/bdcmc.elf.dir/Core/Src/stm32g4xx_hal_msp.c.obj
                0x00000000080089d8                HAL_TIM_MspPostInit
 .text.NMI_Handler
                0x0000000008008a2c        0x2 CMakeFiles/bdcmc.elf.dir/Core/Src/stm32g4xx_it.c.obj
                0x0000000008008a2c                NMI_Handler
 .text.HardFault_Handler
                0x0000000008008a2e        0x2 CMakeFiles/bdcmc.elf.dir/Core/Src/stm32g4xx_it.c.obj
                0x0000000008008a2e                HardFault_Handler
 .text.MemManage_Handler
                0x0000000008008a30        0x2 CMakeFiles/bdcmc.elf.dir/Core/Src/stm32g4xx_it.c.obj
                0x0000000008008a30                MemManage_Handler
 .text.BusFault_Handler
                0x0000000008008a32        0x2 CMakeFiles/bdcmc.elf.dir/Core/Src/stm32g4xx_it.c.obj
                0x0000000008008a32                BusFault_Handler
 .text.UsageFault_Handler
                0x0000000008008a34        0x2 CMakeFiles/bdcmc.elf.dir/Core/Src/stm32g4xx_it.c.obj
                0x0000000008008a34                UsageFault_Handler
 .text.SVC_Handler
                0x0000000008008a36        0x2 CMakeFiles/bdcmc.elf.dir/Core/Src/stm32g4xx_it.c.obj
                0x0000000008008a36                SVC_Handler
 .text.DebugMon_Handler
                0x0000000008008a38        0x2 CMakeFiles/bdcmc.elf.dir/Core/Src/stm32g4xx_it.c.obj
                0x0000000008008a38                DebugMon_Handler
 .text.PendSV_Handler
                0x0000000008008a3a        0x2 CMakeFiles/bdcmc.elf.dir/Core/Src/stm32g4xx_it.c.obj
                0x0000000008008a3a                PendSV_Handler
 .text.SysTick_Handler
                0x0000000008008a3c        0x8 CMakeFiles/bdcmc.elf.dir/Core/Src/stm32g4xx_it.c.obj
                0x0000000008008a3c                SysTick_Handler
 .text._getpid  0x0000000008008a44        0x4 CMakeFiles/bdcmc.elf.dir/Core/Src/syscalls.c.obj
                0x0000000008008a44                _getpid
 .text._kill    0x0000000008008a48       0x10 CMakeFiles/bdcmc.elf.dir/Core/Src/syscalls.c.obj
                0x0000000008008a48                _kill
 .text._exit    0x0000000008008a58        0xc CMakeFiles/bdcmc.elf.dir/Core/Src/syscalls.c.obj
                0x0000000008008a58                _exit
 .text._read    0x0000000008008a64       0x20 CMakeFiles/bdcmc.elf.dir/Core/Src/syscalls.c.obj
                0x0000000008008a64                _read
 .text._write   0x0000000008008a84       0x1c CMakeFiles/bdcmc.elf.dir/Core/Src/syscalls.c.obj
                0x0000000008008a84                _write
 .text._close   0x0000000008008aa0        0x6 CMakeFiles/bdcmc.elf.dir/Core/Src/syscalls.c.obj
                0x0000000008008aa0                _close
 .text._fstat   0x0000000008008aa6        0xa CMakeFiles/bdcmc.elf.dir/Core/Src/syscalls.c.obj
                0x0000000008008aa6                _fstat
 .text._isatty  0x0000000008008ab0        0x4 CMakeFiles/bdcmc.elf.dir/Core/Src/syscalls.c.obj
                0x0000000008008ab0                _isatty
 .text._lseek   0x0000000008008ab4        0x4 CMakeFiles/bdcmc.elf.dir/Core/Src/syscalls.c.obj
                0x0000000008008ab4                _lseek
 .text._sbrk    0x0000000008008ab8       0x48 CMakeFiles/bdcmc.elf.dir/Core/Src/sysmem.c.obj
                0x0000000008008ab8                _sbrk
 .text.SystemInit
                0x0000000008008b00        0x2 CMakeFiles/bdcmc.elf.dir/Core/Src/system_stm32g4xx.c.obj
                0x0000000008008b00                SystemInit
 .text._ZN6mrover18BrushedMotorWriter12write_outputENS_4UnitISt5ratioILx1ELx1EES2_ILx2ELx1EES3_S2_ILxn3ELx1EES2_ILx0ELx1EES2_ILxn1ELx1EES6_S6_EE
                0x0000000008008b02        0x2 CMakeFiles/bdcmc.elf.dir/Core/Src/writers/brushedmotor.cpp.obj
                0x0000000008008b02                mrover::BrushedMotorWriter::write_output(mrover::Unit<std::ratio<1ll, 1ll>, std::ratio<2ll, 1ll>, std::ratio<1ll, 1ll>, std::ratio<-3ll, 1ll>, std::ratio<0ll, 1ll>, std::ratio<-1ll, 1ll>, std::ratio<0ll, 1ll>, std::ratio<0ll, 1ll> >)
 .text.Reset_Handler
                0x0000000008008b04       0x50 CMakeFiles/bdcmc.elf.dir/Core/Startup/startup_stm32g431cbux.s.obj
                0x0000000008008b04                Reset_Handler
 .text.Default_Handler
                0x0000000008008b54        0x2 CMakeFiles/bdcmc.elf.dir/Core/Startup/startup_stm32g431cbux.s.obj
                0x0000000008008b54                RTC_Alarm_IRQHandler
                0x0000000008008b54                EXTI2_IRQHandler
                0x0000000008008b54                TIM8_TRG_COM_IRQHandler
                0x0000000008008b54                TIM8_CC_IRQHandler
                0x0000000008008b54                TIM1_CC_IRQHandler
                0x0000000008008b54                USB_HP_IRQHandler
                0x0000000008008b54                CORDIC_IRQHandler
                0x0000000008008b54                EXTI3_IRQHandler
                0x0000000008008b54                I2C3_ER_IRQHandler
                0x0000000008008b54                EXTI0_IRQHandler
                0x0000000008008b54                I2C2_EV_IRQHandler
                0x0000000008008b54                FPU_IRQHandler
                0x0000000008008b54                FDCAN1_IT1_IRQHandler
                0x0000000008008b54                TIM1_UP_TIM16_IRQHandler
                0x0000000008008b54                ADC1_2_IRQHandler
                0x0000000008008b54                SPI1_IRQHandler
                0x0000000008008b54                TIM6_DAC_IRQHandler
                0x0000000008008b54                TIM8_UP_IRQHandler
                0x0000000008008b54                DMA2_Channel2_IRQHandler
                0x0000000008008b54                DMA1_Channel4_IRQHandler
                0x0000000008008b54                USART3_IRQHandler
                0x0000000008008b54                TIM4_IRQHandler
                0x0000000008008b54                DMA2_Channel1_IRQHandler
                0x0000000008008b54                I2C1_EV_IRQHandler
                0x0000000008008b54                DMA1_Channel6_IRQHandler
                0x0000000008008b54                UART4_IRQHandler
                0x0000000008008b54                DMA2_Channel4_IRQHandler
                0x0000000008008b54                TIM3_IRQHandler
                0x0000000008008b54                RCC_IRQHandler
                0x0000000008008b54                DMA1_Channel1_IRQHandler
                0x0000000008008b54                Default_Handler
                0x0000000008008b54                RTC_TAMP_LSECSS_IRQHandler
                0x0000000008008b54                FMAC_IRQHandler
                0x0000000008008b54                EXTI15_10_IRQHandler
                0x0000000008008b54                TIM7_IRQHandler
                0x0000000008008b54                UCPD1_IRQHandler
                0x0000000008008b54                I2C3_EV_IRQHandler
                0x0000000008008b54                EXTI9_5_IRQHandler
                0x0000000008008b54                RTC_WKUP_IRQHandler
                0x0000000008008b54                PVD_PVM_IRQHandler
                0x0000000008008b54                SPI2_IRQHandler
                0x0000000008008b54                DMA2_Channel5_IRQHandler
                0x0000000008008b54                CRS_IRQHandler
                0x0000000008008b54                DMA1_Channel5_IRQHandler
                0x0000000008008b54                USB_LP_IRQHandler
                0x0000000008008b54                EXTI4_IRQHandler
                0x0000000008008b54                RNG_IRQHandler
                0x0000000008008b54                TIM1_TRG_COM_TIM17_IRQHandler
                0x0000000008008b54                DMA1_Channel3_IRQHandler
                0x0000000008008b54                WWDG_IRQHandler
                0x0000000008008b54                LPUART1_IRQHandler
                0x0000000008008b54                DMA2_Channel6_IRQHandler
                0x0000000008008b54                FDCAN1_IT0_IRQHandler
                0x0000000008008b54                TIM2_IRQHandler
                0x0000000008008b54                COMP1_2_3_IRQHandler
                0x0000000008008b54                EXTI1_IRQHandler
                0x0000000008008b54                USART2_IRQHandler
                0x0000000008008b54                I2C2_ER_IRQHandler
                0x0000000008008b54                DMA1_Channel2_IRQHandler
                0x0000000008008b54                TIM8_BRK_IRQHandler
                0x0000000008008b54                FLASH_IRQHandler
                0x0000000008008b54                USART1_IRQHandler
                0x0000000008008b54                SPI3_IRQHandler
                0x0000000008008b54                I2C1_ER_IRQHandler
                0x0000000008008b54                LPTIM1_IRQHandler
                0x0000000008008b54                DMAMUX_OVR_IRQHandler
                0x0000000008008b54                USBWakeUp_IRQHandler
                0x0000000008008b54                SAI1_IRQHandler
                0x0000000008008b54                DMA2_Channel3_IRQHandler
                0x0000000008008b54                COMP4_IRQHandler
                0x0000000008008b54                TIM1_BRK_TIM15_IRQHandler
 *fill*         0x0000000008008b56        0x2 
 .text.HAL_InitTick
                0x0000000008008b58       0x50 CMakeFiles/bdcmc.elf.dir/Drivers/STM32G4xx_HAL_Driver/Src/stm32g4xx_hal.c.obj
                0x0000000008008b58                HAL_InitTick
 .text.HAL_Init
                0x0000000008008ba8       0x1e CMakeFiles/bdcmc.elf.dir/Drivers/STM32G4xx_HAL_Driver/Src/stm32g4xx_hal.c.obj
                0x0000000008008ba8                HAL_Init
 *fill*         0x0000000008008bc6        0x2 
 .text.HAL_IncTick
                0x0000000008008bc8       0x18 CMakeFiles/bdcmc.elf.dir/Drivers/STM32G4xx_HAL_Driver/Src/stm32g4xx_hal.c.obj
                0x0000000008008bc8                HAL_IncTick
 .text.HAL_GetTick
                0x0000000008008be0        0xc CMakeFiles/bdcmc.elf.dir/Drivers/STM32G4xx_HAL_Driver/Src/stm32g4xx_hal.c.obj
                0x0000000008008be0                HAL_GetTick
 .text.HAL_GetTickFreq
                0x0000000008008bec        0xc CMakeFiles/bdcmc.elf.dir/Drivers/STM32G4xx_HAL_Driver/Src/stm32g4xx_hal.c.obj
                0x0000000008008bec                HAL_GetTickFreq
 .text.HAL_NVIC_SetPriorityGrouping
                0x0000000008008bf8       0x24 CMakeFiles/bdcmc.elf.dir/Drivers/STM32G4xx_HAL_Driver/Src/stm32g4xx_hal_cortex.c.obj
                0x0000000008008bf8                HAL_NVIC_SetPriorityGrouping
 .text.HAL_NVIC_SetPriority
                0x0000000008008c1c       0x70 CMakeFiles/bdcmc.elf.dir/Drivers/STM32G4xx_HAL_Driver/Src/stm32g4xx_hal_cortex.c.obj
                0x0000000008008c1c                HAL_NVIC_SetPriority
 .text.HAL_SYSTICK_Config
                0x0000000008008c8c       0x28 CMakeFiles/bdcmc.elf.dir/Drivers/STM32G4xx_HAL_Driver/Src/stm32g4xx_hal_cortex.c.obj
                0x0000000008008c8c                HAL_SYSTICK_Config
 .text.FDCAN_CalcultateRamBlockAddresses
                0x0000000008008cb4       0x64 CMakeFiles/bdcmc.elf.dir/Drivers/STM32G4xx_HAL_Driver/Src/stm32g4xx_hal_fdcan.c.obj
 .text.HAL_FDCAN_Init
                0x0000000008008d18      0x1d4 CMakeFiles/bdcmc.elf.dir/Drivers/STM32G4xx_HAL_Driver/Src/stm32g4xx_hal_fdcan.c.obj
                0x0000000008008d18                HAL_FDCAN_Init
 .text.HAL_FDCAN_Start
                0x0000000008008eec       0x2e CMakeFiles/bdcmc.elf.dir/Drivers/STM32G4xx_HAL_Driver/Src/stm32g4xx_hal_fdcan.c.obj
                0x0000000008008eec                HAL_FDCAN_Start
 *fill*         0x0000000008008f1a        0x2 
 .text.HAL_FDCAN_GetRxMessage
                0x0000000008008f1c      0x118 CMakeFiles/bdcmc.elf.dir/Drivers/STM32G4xx_HAL_Driver/Src/stm32g4xx_hal_fdcan.c.obj
                0x0000000008008f1c                HAL_FDCAN_GetRxMessage
 .text.HAL_FDCAN_GetRxFifoFillLevel
                0x0000000008009034       0x1c CMakeFiles/bdcmc.elf.dir/Drivers/STM32G4xx_HAL_Driver/Src/stm32g4xx_hal_fdcan.c.obj
                0x0000000008009034                HAL_FDCAN_GetRxFifoFillLevel
 .text.HAL_FDCAN_ActivateNotification
                0x0000000008009050      0x106 CMakeFiles/bdcmc.elf.dir/Drivers/STM32G4xx_HAL_Driver/Src/stm32g4xx_hal_fdcan.c.obj
                0x0000000008009050                HAL_FDCAN_ActivateNotification
 *fill*         0x0000000008009156        0x2 
 .text.HAL_GPIO_Init
                0x0000000008009158      0x1dc CMakeFiles/bdcmc.elf.dir/Drivers/STM32G4xx_HAL_Driver/Src/stm32g4xx_hal_gpio.c.obj
                0x0000000008009158                HAL_GPIO_Init
 .text.HAL_GPIO_WritePin
                0x0000000008009334        0xa CMakeFiles/bdcmc.elf.dir/Drivers/STM32G4xx_HAL_Driver/Src/stm32g4xx_hal_gpio.c.obj
                0x0000000008009334                HAL_GPIO_WritePin
 .text.HAL_I2C_Init
                0x000000000800933e       0xbc CMakeFiles/bdcmc.elf.dir/Drivers/STM32G4xx_HAL_Driver/Src/stm32g4xx_hal_i2c.c.obj
                0x000000000800933e                HAL_I2C_Init
 .text.HAL_I2CEx_ConfigAnalogFilter
                0x00000000080093fa       0x5c CMakeFiles/bdcmc.elf.dir/Drivers/STM32G4xx_HAL_Driver/Src/stm32g4xx_hal_i2c_ex.c.obj
                0x00000000080093fa                HAL_I2CEx_ConfigAnalogFilter
 .text.HAL_I2CEx_ConfigDigitalFilter
                0x0000000008009456       0x58 CMakeFiles/bdcmc.elf.dir/Drivers/STM32G4xx_HAL_Driver/Src/stm32g4xx_hal_i2c_ex.c.obj
                0x0000000008009456                HAL_I2CEx_ConfigDigitalFilter
 *fill*         0x00000000080094ae        0x2 
 .text.HAL_PWREx_ControlVoltageScaling
                0x00000000080094b0      0x10c CMakeFiles/bdcmc.elf.dir/Drivers/STM32G4xx_HAL_Driver/Src/stm32g4xx_hal_pwr_ex.c.obj
                0x00000000080094b0                HAL_PWREx_ControlVoltageScaling
 .text.RCC_GetSysClockFreqFromPLLSource
                0x00000000080095bc       0x58 CMakeFiles/bdcmc.elf.dir/Drivers/STM32G4xx_HAL_Driver/Src/stm32g4xx_hal_rcc.c.obj
 .text.HAL_RCC_OscConfig
                0x0000000008009614      0x4e8 CMakeFiles/bdcmc.elf.dir/Drivers/STM32G4xx_HAL_Driver/Src/stm32g4xx_hal_rcc.c.obj
                0x0000000008009614                HAL_RCC_OscConfig
 .text.HAL_RCC_GetSysClockFreq
                0x0000000008009afc       0x88 CMakeFiles/bdcmc.elf.dir/Drivers/STM32G4xx_HAL_Driver/Src/stm32g4xx_hal_rcc.c.obj
                0x0000000008009afc                HAL_RCC_GetSysClockFreq
 .text.HAL_RCC_ClockConfig
                0x0000000008009b84      0x1f8 CMakeFiles/bdcmc.elf.dir/Drivers/STM32G4xx_HAL_Driver/Src/stm32g4xx_hal_rcc.c.obj
                0x0000000008009b84                HAL_RCC_ClockConfig
 .text.HAL_RCCEx_PeriphCLKConfig
                0x0000000008009d7c      0x2e4 CMakeFiles/bdcmc.elf.dir/Drivers/STM32G4xx_HAL_Driver/Src/stm32g4xx_hal_rcc_ex.c.obj
                0x0000000008009d7c                HAL_RCCEx_PeriphCLKConfig
 .text.TIM_OC1_SetConfig
                0x000000000800a060       0x9c CMakeFiles/bdcmc.elf.dir/Drivers/STM32G4xx_HAL_Driver/Src/stm32g4xx_hal_tim.c.obj
 .text.TIM_OC3_SetConfig
                0x000000000800a0fc       0x8c CMakeFiles/bdcmc.elf.dir/Drivers/STM32G4xx_HAL_Driver/Src/stm32g4xx_hal_tim.c.obj
 .text.TIM_OC4_SetConfig
                0x000000000800a188       0x8c CMakeFiles/bdcmc.elf.dir/Drivers/STM32G4xx_HAL_Driver/Src/stm32g4xx_hal_tim.c.obj
 .text.TIM_OC5_SetConfig
                0x000000000800a214       0x68 CMakeFiles/bdcmc.elf.dir/Drivers/STM32G4xx_HAL_Driver/Src/stm32g4xx_hal_tim.c.obj
 .text.TIM_OC6_SetConfig
                0x000000000800a27c       0x6c CMakeFiles/bdcmc.elf.dir/Drivers/STM32G4xx_HAL_Driver/Src/stm32g4xx_hal_tim.c.obj
 .text.TIM_Base_SetConfig
                0x000000000800a2e8       0xb8 CMakeFiles/bdcmc.elf.dir/Drivers/STM32G4xx_HAL_Driver/Src/stm32g4xx_hal_tim.c.obj
                0x000000000800a2e8                TIM_Base_SetConfig
 .text.HAL_TIM_OC_Init
                0x000000000800a3a0       0x60 CMakeFiles/bdcmc.elf.dir/Drivers/STM32G4xx_HAL_Driver/Src/stm32g4xx_hal_tim.c.obj
                0x000000000800a3a0                HAL_TIM_OC_Init
 .text.HAL_TIM_Encoder_Init
                0x000000000800a400       0xb6 CMakeFiles/bdcmc.elf.dir/Drivers/STM32G4xx_HAL_Driver/Src/stm32g4xx_hal_tim.c.obj
                0x000000000800a400                HAL_TIM_Encoder_Init
 *fill*         0x000000000800a4b6        0x2 
 .text.TIM_OC2_SetConfig
                0x000000000800a4b8       0x8c CMakeFiles/bdcmc.elf.dir/Drivers/STM32G4xx_HAL_Driver/Src/stm32g4xx_hal_tim.c.obj
                0x000000000800a4b8                TIM_OC2_SetConfig
 .text.HAL_TIM_OC_ConfigChannel
                0x000000000800a544       0x7a CMakeFiles/bdcmc.elf.dir/Drivers/STM32G4xx_HAL_Driver/Src/stm32g4xx_hal_tim.c.obj
                0x000000000800a544                HAL_TIM_OC_ConfigChannel
 *fill*         0x000000000800a5be        0x2 
 .text.HAL_TIMEx_MasterConfigSynchronization
                0x000000000800a5c0       0x94 CMakeFiles/bdcmc.elf.dir/Drivers/STM32G4xx_HAL_Driver/Src/stm32g4xx_hal_tim_ex.c.obj
                0x000000000800a5c0                HAL_TIMEx_MasterConfigSynchronization
 .text.HAL_TIMEx_ConfigBreakDeadTime
                0x000000000800a654       0xbc CMakeFiles/bdcmc.elf.dir/Drivers/STM32G4xx_HAL_Driver/Src/stm32g4xx_hal_tim_ex.c.obj
                0x000000000800a654                HAL_TIMEx_ConfigBreakDeadTime
 .text._ZdlPvj  0x000000000800a710        0x4 /opt/st/stm32cubeide_1.13.1/plugins/com.st.stm32cube.ide.mcu.externaltools.gnu-tools-for-stm32.11.3.rel1.linux64_1.1.0.202305231506/tools/bin/../lib/gcc/arm-none-eabi/11.3.1/../../../../arm-none-eabi/lib/thumb/v7e-m/nofp/libstdc++.a(del_ops.o)
                0x000000000800a710                operator delete(void*, unsigned int)
 .text._ZN12_GLOBAL__N_14pool4freeEPv.constprop.0
                0x000000000800a714       0x88 /opt/st/stm32cubeide_1.13.1/plugins/com.st.stm32cube.ide.mcu.externaltools.gnu-tools-for-stm32.11.3.rel1.linux64_1.1.0.202305231506/tools/bin/../lib/gcc/arm-none-eabi/11.3.1/../../../../arm-none-eabi/lib/thumb/v7e-m/nofp/libstdc++.a(eh_alloc.o)
 .text._ZN12_GLOBAL__N_14pool8allocateEj.constprop.0
                0x000000000800a79c       0x58 /opt/st/stm32cubeide_1.13.1/plugins/com.st.stm32cube.ide.mcu.externaltools.gnu-tools-for-stm32.11.3.rel1.linux64_1.1.0.202305231506/tools/bin/../lib/gcc/arm-none-eabi/11.3.1/../../../../arm-none-eabi/lib/thumb/v7e-m/nofp/libstdc++.a(eh_alloc.o)
 .text.__cxa_allocate_exception
                0x000000000800a7f4       0x30 /opt/st/stm32cubeide_1.13.1/plugins/com.st.stm32cube.ide.mcu.externaltools.gnu-tools-for-stm32.11.3.rel1.linux64_1.1.0.202305231506/tools/bin/../lib/gcc/arm-none-eabi/11.3.1/../../../../arm-none-eabi/lib/thumb/v7e-m/nofp/libstdc++.a(eh_alloc.o)
                0x000000000800a7f4                __cxa_allocate_exception
 .text.__cxa_free_exception
                0x000000000800a824       0x20 /opt/st/stm32cubeide_1.13.1/plugins/com.st.stm32cube.ide.mcu.externaltools.gnu-tools-for-stm32.11.3.rel1.linux64_1.1.0.202305231506/tools/bin/../lib/gcc/arm-none-eabi/11.3.1/../../../../arm-none-eabi/lib/thumb/v7e-m/nofp/libstdc++.a(eh_alloc.o)
                0x000000000800a824                __cxa_free_exception
 .text.startup._GLOBAL__sub_I__ZN9__gnu_cxx9__freeresEv
                0x000000000800a844       0x28 /opt/st/stm32cubeide_1.13.1/plugins/com.st.stm32cube.ide.mcu.externaltools.gnu-tools-for-stm32.11.3.rel1.linux64_1.1.0.202305231506/tools/bin/../lib/gcc/arm-none-eabi/11.3.1/../../../../arm-none-eabi/lib/thumb/v7e-m/nofp/libstdc++.a(eh_alloc.o)
 .text._ZNSt9exceptionD2Ev
                0x000000000800a86c        0x4 /opt/st/stm32cubeide_1.13.1/plugins/com.st.stm32cube.ide.mcu.externaltools.gnu-tools-for-stm32.11.3.rel1.linux64_1.1.0.202305231506/tools/bin/../lib/gcc/arm-none-eabi/11.3.1/../../../../arm-none-eabi/lib/thumb/v7e-m/nofp/libstdc++.a(eh_exception.o)
                0x000000000800a86c                std::exception::~exception()
                0x000000000800a86c                std::exception::~exception()
 .text._ZNSt13bad_exceptionD2Ev
                0x000000000800a870        0x4 /opt/st/stm32cubeide_1.13.1/plugins/com.st.stm32cube.ide.mcu.externaltools.gnu-tools-for-stm32.11.3.rel1.linux64_1.1.0.202305231506/tools/bin/../lib/gcc/arm-none-eabi/11.3.1/../../../../arm-none-eabi/lib/thumb/v7e-m/nofp/libstdc++.a(eh_exception.o)
                0x000000000800a870                std::bad_exception::~bad_exception()
                0x000000000800a870                std::bad_exception::~bad_exception()
 .text._ZNKSt9exception4whatEv
                0x000000000800a874        0x8 /opt/st/stm32cubeide_1.13.1/plugins/com.st.stm32cube.ide.mcu.externaltools.gnu-tools-for-stm32.11.3.rel1.linux64_1.1.0.202305231506/tools/bin/../lib/gcc/arm-none-eabi/11.3.1/../../../../arm-none-eabi/lib/thumb/v7e-m/nofp/libstdc++.a(eh_exception.o)
                0x000000000800a874                transaction clone for std::exception::what() const
                0x000000000800a874                std::exception::what() const
 .text._ZNKSt13bad_exception4whatEv
                0x000000000800a87c        0x8 /opt/st/stm32cubeide_1.13.1/plugins/com.st.stm32cube.ide.mcu.externaltools.gnu-tools-for-stm32.11.3.rel1.linux64_1.1.0.202305231506/tools/bin/../lib/gcc/arm-none-eabi/11.3.1/../../../../arm-none-eabi/lib/thumb/v7e-m/nofp/libstdc++.a(eh_exception.o)
                0x000000000800a87c                transaction clone for std::bad_exception::what() const
                0x000000000800a87c                std::bad_exception::what() const
 .text._ZNSt9exceptionD0Ev
                0x000000000800a884       0x10 /opt/st/stm32cubeide_1.13.1/plugins/com.st.stm32cube.ide.mcu.externaltools.gnu-tools-for-stm32.11.3.rel1.linux64_1.1.0.202305231506/tools/bin/../lib/gcc/arm-none-eabi/11.3.1/../../../../arm-none-eabi/lib/thumb/v7e-m/nofp/libstdc++.a(eh_exception.o)
                0x000000000800a884                std::exception::~exception()
 .text._ZNSt13bad_exceptionD0Ev
                0x000000000800a894       0x10 /opt/st/stm32cubeide_1.13.1/plugins/com.st.stm32cube.ide.mcu.externaltools.gnu-tools-for-stm32.11.3.rel1.linux64_1.1.0.202305231506/tools/bin/../lib/gcc/arm-none-eabi/11.3.1/../../../../arm-none-eabi/lib/thumb/v7e-m/nofp/libstdc++.a(eh_exception.o)
                0x000000000800a894                std::bad_exception::~bad_exception()
 .text._ZN10__cxxabiv111__terminateEPFvvE
                0x000000000800a8a4       0x10 /opt/st/stm32cubeide_1.13.1/plugins/com.st.stm32cube.ide.mcu.externaltools.gnu-tools-for-stm32.11.3.rel1.linux64_1.1.0.202305231506/tools/bin/../lib/gcc/arm-none-eabi/11.3.1/../../../../arm-none-eabi/lib/thumb/v7e-m/nofp/libstdc++.a(eh_terminate.o)
                0x000000000800a8a4                __cxxabiv1::__terminate(void (*)())
 .text._ZSt9terminatev
                0x000000000800a8b4       0x14 /opt/st/stm32cubeide_1.13.1/plugins/com.st.stm32cube.ide.mcu.externaltools.gnu-tools-for-stm32.11.3.rel1.linux64_1.1.0.202305231506/tools/bin/../lib/gcc/arm-none-eabi/11.3.1/../../../../arm-none-eabi/lib/thumb/v7e-m/nofp/libstdc++.a(eh_terminate.o)
                0x000000000800a8b4                std::terminate()
 .text._ZN10__cxxabiv112__unexpectedEPFvvE
                0x000000000800a8c8        0x8 /opt/st/stm32cubeide_1.13.1/plugins/com.st.stm32cube.ide.mcu.externaltools.gnu-tools-for-stm32.11.3.rel1.linux64_1.1.0.202305231506/tools/bin/../lib/gcc/arm-none-eabi/11.3.1/../../../../arm-none-eabi/lib/thumb/v7e-m/nofp/libstdc++.a(eh_terminate.o)
                0x000000000800a8c8                __cxxabiv1::__unexpected(void (*)())
 .text._ZSt10unexpectedv
                0x000000000800a8d0       0x14 /opt/st/stm32cubeide_1.13.1/plugins/com.st.stm32cube.ide.mcu.externaltools.gnu-tools-for-stm32.11.3.rel1.linux64_1.1.0.202305231506/tools/bin/../lib/gcc/arm-none-eabi/11.3.1/../../../../arm-none-eabi/lib/thumb/v7e-m/nofp/libstdc++.a(eh_terminate.o)
                0x000000000800a8d0                std::unexpected()
 .text._ZSt13get_terminatev
                0x000000000800a8e4       0x10 /opt/st/stm32cubeide_1.13.1/plugins/com.st.stm32cube.ide.mcu.externaltools.gnu-tools-for-stm32.11.3.rel1.linux64_1.1.0.202305231506/tools/bin/../lib/gcc/arm-none-eabi/11.3.1/../../../../arm-none-eabi/lib/thumb/v7e-m/nofp/libstdc++.a(eh_terminate.o)
                0x000000000800a8e4                std::get_terminate()
 .text._ZSt14get_unexpectedv
                0x000000000800a8f4       0x10 /opt/st/stm32cubeide_1.13.1/plugins/com.st.stm32cube.ide.mcu.externaltools.gnu-tools-for-stm32.11.3.rel1.linux64_1.1.0.202305231506/tools/bin/../lib/gcc/arm-none-eabi/11.3.1/../../../../arm-none-eabi/lib/thumb/v7e-m/nofp/libstdc++.a(eh_terminate.o)
                0x000000000800a8f4                std::get_unexpected()
 .text._ZL23__gxx_exception_cleanup19_Unwind_Reason_CodeP21_Unwind_Control_Block
                0x000000000800a904       0x44 /opt/st/stm32cubeide_1.13.1/plugins/com.st.stm32cube.ide.mcu.externaltools.gnu-tools-for-stm32.11.3.rel1.linux64_1.1.0.202305231506/tools/bin/../lib/gcc/arm-none-eabi/11.3.1/../../../../arm-none-eabi/lib/thumb/v7e-m/nofp/libstdc++.a(eh_throw.o)
 .text.__cxa_init_primary_exception
                0x000000000800a948       0x58 /opt/st/stm32cubeide_1.13.1/plugins/com.st.stm32cube.ide.mcu.externaltools.gnu-tools-for-stm32.11.3.rel1.linux64_1.1.0.202305231506/tools/bin/../lib/gcc/arm-none-eabi/11.3.1/../../../../arm-none-eabi/lib/thumb/v7e-m/nofp/libstdc++.a(eh_throw.o)
                0x000000000800a948                __cxa_init_primary_exception
 .text.__cxa_throw
                0x000000000800a9a0       0x34 /opt/st/stm32cubeide_1.13.1/plugins/com.st.stm32cube.ide.mcu.externaltools.gnu-tools-for-stm32.11.3.rel1.linux64_1.1.0.202305231506/tools/bin/../lib/gcc/arm-none-eabi/11.3.1/../../../../arm-none-eabi/lib/thumb/v7e-m/nofp/libstdc++.a(eh_throw.o)
                0x000000000800a9a0                __cxa_throw
 .text.__cxa_rethrow
                0x000000000800a9d4       0x70 /opt/st/stm32cubeide_1.13.1/plugins/com.st.stm32cube.ide.mcu.externaltools.gnu-tools-for-stm32.11.3.rel1.linux64_1.1.0.202305231506/tools/bin/../lib/gcc/arm-none-eabi/11.3.1/../../../../arm-none-eabi/lib/thumb/v7e-m/nofp/libstdc++.a(eh_throw.o)
                0x000000000800a9d4                __cxa_rethrow
 .text._ZN10__cxxabiv120__si_class_type_infoD2Ev
                0x000000000800aa44       0x14 /opt/st/stm32cubeide_1.13.1/plugins/com.st.stm32cube.ide.mcu.externaltools.gnu-tools-for-stm32.11.3.rel1.linux64_1.1.0.202305231506/tools/bin/../lib/gcc/arm-none-eabi/11.3.1/../../../../arm-none-eabi/lib/thumb/v7e-m/nofp/libstdc++.a(si_class_type_info.o)
                0x000000000800aa44                __cxxabiv1::__si_class_type_info::~__si_class_type_info()
                0x000000000800aa44                __cxxabiv1::__si_class_type_info::~__si_class_type_info()
 .text._ZN10__cxxabiv120__si_class_type_infoD0Ev
                0x000000000800aa58       0x1c /opt/st/stm32cubeide_1.13.1/plugins/com.st.stm32cube.ide.mcu.externaltools.gnu-tools-for-stm32.11.3.rel1.linux64_1.1.0.202305231506/tools/bin/../lib/gcc/arm-none-eabi/11.3.1/../../../../arm-none-eabi/lib/thumb/v7e-m/nofp/libstdc++.a(si_class_type_info.o)
                0x000000000800aa58                __cxxabiv1::__si_class_type_info::~__si_class_type_info()
 .text._ZNK10__cxxabiv120__si_class_type_info20__do_find_public_srcEiPKvPKNS_17__class_type_infoES2_
                0x000000000800aa74       0x3c /opt/st/stm32cubeide_1.13.1/plugins/com.st.stm32cube.ide.mcu.externaltools.gnu-tools-for-stm32.11.3.rel1.linux64_1.1.0.202305231506/tools/bin/../lib/gcc/arm-none-eabi/11.3.1/../../../../arm-none-eabi/lib/thumb/v7e-m/nofp/libstdc++.a(si_class_type_info.o)
                0x000000000800aa74                __cxxabiv1::__si_class_type_info::__do_find_public_src(int, void const*, __cxxabiv1::__class_type_info const*, void const*) const
 .text._ZNK10__cxxabiv120__si_class_type_info12__do_dyncastEiNS_17__class_type_info10__sub_kindEPKS1_PKvS4_S6_RNS1_16__dyncast_resultE
                0x000000000800aab0       0x80 /opt/st/stm32cubeide_1.13.1/plugins/com.st.stm32cube.ide.mcu.externaltools.gnu-tools-for-stm32.11.3.rel1.linux64_1.1.0.202305231506/tools/bin/../lib/gcc/arm-none-eabi/11.3.1/../../../../arm-none-eabi/lib/thumb/v7e-m/nofp/libstdc++.a(si_class_type_info.o)
                0x000000000800aab0                __cxxabiv1::__si_class_type_info::__do_dyncast(int, __cxxabiv1::__class_type_info::__sub_kind, __cxxabiv1::__class_type_info const*, void const*, __cxxabiv1::__class_type_info const*, void const*, __cxxabiv1::__class_type_info::__dyncast_result&) const
 .text._ZNK10__cxxabiv120__si_class_type_info11__do_upcastEPKNS_17__class_type_infoEPKvRNS1_15__upcast_resultE
                0x000000000800ab30       0x2c /opt/st/stm32cubeide_1.13.1/plugins/com.st.stm32cube.ide.mcu.externaltools.gnu-tools-for-stm32.11.3.rel1.linux64_1.1.0.202305231506/tools/bin/../lib/gcc/arm-none-eabi/11.3.1/../../../../arm-none-eabi/lib/thumb/v7e-m/nofp/libstdc++.a(si_class_type_info.o)
                0x000000000800ab30                __cxxabiv1::__si_class_type_info::__do_upcast(__cxxabiv1::__class_type_info const*, void const*, __cxxabiv1::__class_type_info::__upcast_result&) const
 .text._ZNSt9type_infoD2Ev
                0x000000000800ab5c        0x4 /opt/st/stm32cubeide_1.13.1/plugins/com.st.stm32cube.ide.mcu.externaltools.gnu-tools-for-stm32.11.3.rel1.linux64_1.1.0.202305231506/tools/bin/../lib/gcc/arm-none-eabi/11.3.1/../../../../arm-none-eabi/lib/thumb/v7e-m/nofp/libstdc++.a(tinfo.o)
                0x000000000800ab5c                std::type_info::~type_info()
                0x000000000800ab5c                std::type_info::~type_info()
 .text._ZNKSt9type_info14__is_pointer_pEv
                0x000000000800ab60        0x4 /opt/st/stm32cubeide_1.13.1/plugins/com.st.stm32cube.ide.mcu.externaltools.gnu-tools-for-stm32.11.3.rel1.linux64_1.1.0.202305231506/tools/bin/../lib/gcc/arm-none-eabi/11.3.1/../../../../arm-none-eabi/lib/thumb/v7e-m/nofp/libstdc++.a(tinfo.o)
                0x000000000800ab60                std::type_info::__is_function_p() const
                0x000000000800ab60                std::type_info::__is_pointer_p() const
 .text._ZNKSt9type_infoeqERKS_
                0x000000000800ab64       0x2c /opt/st/stm32cubeide_1.13.1/plugins/com.st.stm32cube.ide.mcu.externaltools.gnu-tools-for-stm32.11.3.rel1.linux64_1.1.0.202305231506/tools/bin/../lib/gcc/arm-none-eabi/11.3.1/../../../../arm-none-eabi/lib/thumb/v7e-m/nofp/libstdc++.a(tinfo.o)
                0x000000000800ab64                std::type_info::operator==(std::type_info const&) const
 .text._ZN9__gnu_cxx27__verbose_terminate_handlerEv
                0x000000000800ab90      0x10c /opt/st/stm32cubeide_1.13.1/plugins/com.st.stm32cube.ide.mcu.externaltools.gnu-tools-for-stm32.11.3.rel1.linux64_1.1.0.202305231506/tools/bin/../lib/gcc/arm-none-eabi/11.3.1/../../../../arm-none-eabi/lib/thumb/v7e-m/nofp/libstdc++.a(vterminate.o)
                0x000000000800ab90                __gnu_cxx::__verbose_terminate_handler()
 .text._ZNK10__cxxabiv117__class_type_info11__do_upcastEPKS0_PPv
                0x000000000800ac9c       0x34 /opt/st/stm32cubeide_1.13.1/plugins/com.st.stm32cube.ide.mcu.externaltools.gnu-tools-for-stm32.11.3.rel1.linux64_1.1.0.202305231506/tools/bin/../lib/gcc/arm-none-eabi/11.3.1/../../../../arm-none-eabi/lib/thumb/v7e-m/nofp/libstdc++.a(class_type_info.o)
                0x000000000800ac9c                __cxxabiv1::__class_type_info::__do_upcast(__cxxabiv1::__class_type_info const*, void**) const
 .text._ZNK10__cxxabiv117__class_type_info20__do_find_public_srcEiPKvPKS0_S2_
                0x000000000800acd0        0xc /opt/st/stm32cubeide_1.13.1/plugins/com.st.stm32cube.ide.mcu.externaltools.gnu-tools-for-stm32.11.3.rel1.linux64_1.1.0.202305231506/tools/bin/../lib/gcc/arm-none-eabi/11.3.1/../../../../arm-none-eabi/lib/thumb/v7e-m/nofp/libstdc++.a(class_type_info.o)
                0x000000000800acd0                __cxxabiv1::__class_type_info::__do_find_public_src(int, void const*, __cxxabiv1::__class_type_info const*, void const*) const
 .text._ZN10__cxxabiv117__class_type_infoD2Ev
                0x000000000800acdc       0x14 /opt/st/stm32cubeide_1.13.1/plugins/com.st.stm32cube.ide.mcu.externaltools.gnu-tools-for-stm32.11.3.rel1.linux64_1.1.0.202305231506/tools/bin/../lib/gcc/arm-none-eabi/11.3.1/../../../../arm-none-eabi/lib/thumb/v7e-m/nofp/libstdc++.a(class_type_info.o)
                0x000000000800acdc                __cxxabiv1::__class_type_info::~__class_type_info()
                0x000000000800acdc                __cxxabiv1::__class_type_info::~__class_type_info()
 .text._ZN10__cxxabiv117__class_type_infoD0Ev
                0x000000000800acf0       0x1c /opt/st/stm32cubeide_1.13.1/plugins/com.st.stm32cube.ide.mcu.externaltools.gnu-tools-for-stm32.11.3.rel1.linux64_1.1.0.202305231506/tools/bin/../lib/gcc/arm-none-eabi/11.3.1/../../../../arm-none-eabi/lib/thumb/v7e-m/nofp/libstdc++.a(class_type_info.o)
                0x000000000800acf0                __cxxabiv1::__class_type_info::~__class_type_info()
 .text._ZNK10__cxxabiv117__class_type_info12__do_dyncastEiNS0_10__sub_kindEPKS0_PKvS3_S5_RNS0_16__dyncast_resultE
                0x000000000800ad0c       0x44 /opt/st/stm32cubeide_1.13.1/plugins/com.st.stm32cube.ide.mcu.externaltools.gnu-tools-for-stm32.11.3.rel1.linux64_1.1.0.202305231506/tools/bin/../lib/gcc/arm-none-eabi/11.3.1/../../../../arm-none-eabi/lib/thumb/v7e-m/nofp/libstdc++.a(class_type_info.o)
                0x000000000800ad0c                __cxxabiv1::__class_type_info::__do_dyncast(int, __cxxabiv1::__class_type_info::__sub_kind, __cxxabiv1::__class_type_info const*, void const*, __cxxabiv1::__class_type_info const*, void const*, __cxxabiv1::__class_type_info::__dyncast_result&) const
 .text._ZNK10__cxxabiv117__class_type_info11__do_upcastEPKS0_PKvRNS0_15__upcast_resultE
                0x000000000800ad50       0x1c /opt/st/stm32cubeide_1.13.1/plugins/com.st.stm32cube.ide.mcu.externaltools.gnu-tools-for-stm32.11.3.rel1.linux64_1.1.0.202305231506/tools/bin/../lib/gcc/arm-none-eabi/11.3.1/../../../../arm-none-eabi/lib/thumb/v7e-m/nofp/libstdc++.a(class_type_info.o)
                0x000000000800ad50                __cxxabiv1::__class_type_info::__do_upcast(__cxxabiv1::__class_type_info const*, void const*, __cxxabiv1::__class_type_info::__upcast_result&) const
 .text._ZNK10__cxxabiv117__class_type_info10__do_catchEPKSt9type_infoPPvj
                0x000000000800ad6c       0x2c /opt/st/stm32cubeide_1.13.1/plugins/com.st.stm32cube.ide.mcu.externaltools.gnu-tools-for-stm32.11.3.rel1.linux64_1.1.0.202305231506/tools/bin/../lib/gcc/arm-none-eabi/11.3.1/../../../../arm-none-eabi/lib/thumb/v7e-m/nofp/libstdc++.a(class_type_info.o)
                0x000000000800ad6c                __cxxabiv1::__class_type_info::__do_catch(std::type_info const*, void**, unsigned int) const
 .text._ZdlPv   0x000000000800ad98        0x4 /opt/st/stm32cubeide_1.13.1/plugins/com.st.stm32cube.ide.mcu.externaltools.gnu-tools-for-stm32.11.3.rel1.linux64_1.1.0.202305231506/tools/bin/../lib/gcc/arm-none-eabi/11.3.1/../../../../arm-none-eabi/lib/thumb/v7e-m/nofp/libstdc++.a(del_op.o)
                0x000000000800ad98                operator delete(void*)
 .text.__cxa_end_cleanup
                0x000000000800ad9c        0xc /opt/st/stm32cubeide_1.13.1/plugins/com.st.stm32cube.ide.mcu.externaltools.gnu-tools-for-stm32.11.3.rel1.linux64_1.1.0.202305231506/tools/bin/../lib/gcc/arm-none-eabi/11.3.1/../../../../arm-none-eabi/lib/thumb/v7e-m/nofp/libstdc++.a(eh_arm.o)
                0x000000000800ad9c                __cxa_end_cleanup
 .text.__cxa_type_match
                0x000000000800ada8       0xb0 /opt/st/stm32cubeide_1.13.1/plugins/com.st.stm32cube.ide.mcu.externaltools.gnu-tools-for-stm32.11.3.rel1.linux64_1.1.0.202305231506/tools/bin/../lib/gcc/arm-none-eabi/11.3.1/../../../../arm-none-eabi/lib/thumb/v7e-m/nofp/libstdc++.a(eh_arm.o)
                0x000000000800ada8                __cxa_type_match
 .text.__cxa_begin_cleanup
                0x000000000800ae58       0x64 /opt/st/stm32cubeide_1.13.1/plugins/com.st.stm32cube.ide.mcu.externaltools.gnu-tools-for-stm32.11.3.rel1.linux64_1.1.0.202305231506/tools/bin/../lib/gcc/arm-none-eabi/11.3.1/../../../../arm-none-eabi/lib/thumb/v7e-m/nofp/libstdc++.a(eh_arm.o)
                0x000000000800ae58                __cxa_begin_cleanup
 .text.__gnu_end_cleanup
                0x000000000800aebc       0x70 /opt/st/stm32cubeide_1.13.1/plugins/com.st.stm32cube.ide.mcu.externaltools.gnu-tools-for-stm32.11.3.rel1.linux64_1.1.0.202305231506/tools/bin/../lib/gcc/arm-none-eabi/11.3.1/../../../../arm-none-eabi/lib/thumb/v7e-m/nofp/libstdc++.a(eh_arm.o)
                0x000000000800aebc                __gnu_end_cleanup
 .text.__cxa_begin_catch
                0x000000000800af2c       0x7c /opt/st/stm32cubeide_1.13.1/plugins/com.st.stm32cube.ide.mcu.externaltools.gnu-tools-for-stm32.11.3.rel1.linux64_1.1.0.202305231506/tools/bin/../lib/gcc/arm-none-eabi/11.3.1/../../../../arm-none-eabi/lib/thumb/v7e-m/nofp/libstdc++.a(eh_catch.o)
                0x000000000800af2c                __cxa_begin_catch
 .text.__cxa_end_catch
                0x000000000800afa8       0x8c /opt/st/stm32cubeide_1.13.1/plugins/com.st.stm32cube.ide.mcu.externaltools.gnu-tools-for-stm32.11.3.rel1.linux64_1.1.0.202305231506/tools/bin/../lib/gcc/arm-none-eabi/11.3.1/../../../../arm-none-eabi/lib/thumb/v7e-m/nofp/libstdc++.a(eh_catch.o)
                0x000000000800afa8                __cxa_end_catch
 .text.__cxa_get_globals_fast
                0x000000000800b034        0x8 /opt/st/stm32cubeide_1.13.1/plugins/com.st.stm32cube.ide.mcu.externaltools.gnu-tools-for-stm32.11.3.rel1.linux64_1.1.0.202305231506/tools/bin/../lib/gcc/arm-none-eabi/11.3.1/../../../../arm-none-eabi/lib/thumb/v7e-m/nofp/libstdc++.a(eh_globals.o)
                0x000000000800b034                __cxa_get_globals_fast
 .text.__cxa_get_globals
                0x000000000800b03c        0x8 /opt/st/stm32cubeide_1.13.1/plugins/com.st.stm32cube.ide.mcu.externaltools.gnu-tools-for-stm32.11.3.rel1.linux64_1.1.0.202305231506/tools/bin/../lib/gcc/arm-none-eabi/11.3.1/../../../../arm-none-eabi/lib/thumb/v7e-m/nofp/libstdc++.a(eh_globals.o)
                0x000000000800b03c                __cxa_get_globals
 .text._ZL28read_encoded_value_with_basehjPKhPj
                0x000000000800b044       0xc0 /opt/st/stm32cubeide_1.13.1/plugins/com.st.stm32cube.ide.mcu.externaltools.gnu-tools-for-stm32.11.3.rel1.linux64_1.1.0.202305231506/tools/bin/../lib/gcc/arm-none-eabi/11.3.1/../../../../arm-none-eabi/lib/thumb/v7e-m/nofp/libstdc++.a(eh_personality.o)
 .text._ZL21base_of_encoded_valuehP15_Unwind_Context
                0x000000000800b104       0x48 /opt/st/stm32cubeide_1.13.1/plugins/com.st.stm32cube.ide.mcu.externaltools.gnu-tools-for-stm32.11.3.rel1.linux64_1.1.0.202305231506/tools/bin/../lib/gcc/arm-none-eabi/11.3.1/../../../../arm-none-eabi/lib/thumb/v7e-m/nofp/libstdc++.a(eh_personality.o)
 .text._ZL17parse_lsda_headerP15_Unwind_ContextPKhP16lsda_header_info
                0x000000000800b14c       0x90 /opt/st/stm32cubeide_1.13.1/plugins/com.st.stm32cube.ide.mcu.externaltools.gnu-tools-for-stm32.11.3.rel1.linux64_1.1.0.202305231506/tools/bin/../lib/gcc/arm-none-eabi/11.3.1/../../../../arm-none-eabi/lib/thumb/v7e-m/nofp/libstdc++.a(eh_personality.o)
 .text.__gxx_personality_v0
                0x000000000800b1dc      0x494 /opt/st/stm32cubeide_1.13.1/plugins/com.st.stm32cube.ide.mcu.externaltools.gnu-tools-for-stm32.11.3.rel1.linux64_1.1.0.202305231506/tools/bin/../lib/gcc/arm-none-eabi/11.3.1/../../../../arm-none-eabi/lib/thumb/v7e-m/nofp/libstdc++.a(eh_personality.o)
                0x000000000800b1dc                __gxx_personality_v0
 .text.__cxa_current_exception_type
                0x000000000800b670       0x1c /opt/st/stm32cubeide_1.13.1/plugins/com.st.stm32cube.ide.mcu.externaltools.gnu-tools-for-stm32.11.3.rel1.linux64_1.1.0.202305231506/tools/bin/../lib/gcc/arm-none-eabi/11.3.1/../../../../arm-none-eabi/lib/thumb/v7e-m/nofp/libstdc++.a(eh_type.o)
                0x000000000800b670                __cxa_current_exception_type
 .text._ZN10__cxxabiv1L24__is_gxx_exception_classEPc
                0x000000000800b68c       0x3c /opt/st/stm32cubeide_1.13.1/plugins/com.st.stm32cube.ide.mcu.externaltools.gnu-tools-for-stm32.11.3.rel1.linux64_1.1.0.202305231506/tools/bin/../lib/gcc/arm-none-eabi/11.3.1/../../../../arm-none-eabi/lib/thumb/v7e-m/nofp/libstdc++.a(eh_call.o)
 .text.__cxa_call_terminate
                0x000000000800b6c8       0x20 /opt/st/stm32cubeide_1.13.1/plugins/com.st.stm32cube.ide.mcu.externaltools.gnu-tools-for-stm32.11.3.rel1.linux64_1.1.0.202305231506/tools/bin/../lib/gcc/arm-none-eabi/11.3.1/../../../../arm-none-eabi/lib/thumb/v7e-m/nofp/libstdc++.a(eh_call.o)
                0x000000000800b6c8                __cxa_call_terminate
 .text.unlikely.__cxa_call_unexpected
                0x000000000800b6e8       0xe4 /opt/st/stm32cubeide_1.13.1/plugins/com.st.stm32cube.ide.mcu.externaltools.gnu-tools-for-stm32.11.3.rel1.linux64_1.1.0.202305231506/tools/bin/../lib/gcc/arm-none-eabi/11.3.1/../../../../arm-none-eabi/lib/thumb/v7e-m/nofp/libstdc++.a(eh_call.o)
                0x000000000800b6e8                __cxa_call_unexpected
 .text.fmod     0x000000000800b7cc       0x50 /opt/st/stm32cubeide_1.13.1/plugins/com.st.stm32cube.ide.mcu.externaltools.gnu-tools-for-stm32.11.3.rel1.linux64_1.1.0.202305231506/tools/bin/../lib/gcc/arm-none-eabi/11.3.1/../../../../arm-none-eabi/lib/thumb/v7e-m/nofp/libm.a(libm_a-w_fmod.o)
                0x000000000800b7cc                fmod
 .text.__ieee754_fmod
                0x000000000800b81c      0x224 /opt/st/stm32cubeide_1.13.1/plugins/com.st.stm32cube.ide.mcu.externaltools.gnu-tools-for-stm32.11.3.rel1.linux64_1.1.0.202305231506/tools/bin/../lib/gcc/arm-none-eabi/11.3.1/../../../../arm-none-eabi/lib/thumb/v7e-m/nofp/libm.a(libm_a-e_fmod.o)
                0x000000000800b81c                __ieee754_fmod
 .text.unlikely
                0x000000000800ba40        0xc /opt/st/stm32cubeide_1.13.1/plugins/com.st.stm32cube.ide.mcu.externaltools.gnu-tools-for-stm32.11.3.rel1.linux64_1.1.0.202305231506/tools/bin/../lib/gcc/arm-none-eabi/11.3.1/thumb/v7e-m/nofp/libgcc.a(pr-support.o)
                0x000000000800ba40                _Unwind_GetDataRelBase
                0x000000000800ba46                _Unwind_GetTextRelBase
 .text.abort    0x000000000800ba4c        0xe /opt/st/stm32cubeide_1.13.1/plugins/com.st.stm32cube.ide.mcu.externaltools.gnu-tools-for-stm32.11.3.rel1.linux64_1.1.0.202305231506/tools/bin/../lib/gcc/arm-none-eabi/11.3.1/../../../../arm-none-eabi/lib/thumb/v7e-m/nofp/libg.a(libc_a-abort.o)
                0x000000000800ba4c                abort
 *fill*         0x000000000800ba5a        0x2 
 .text.malloc   0x000000000800ba5c       0x10 /opt/st/stm32cubeide_1.13.1/plugins/com.st.stm32cube.ide.mcu.externaltools.gnu-tools-for-stm32.11.3.rel1.linux64_1.1.0.202305231506/tools/bin/../lib/gcc/arm-none-eabi/11.3.1/../../../../arm-none-eabi/lib/thumb/v7e-m/nofp/libg.a(libc_a-malloc.o)
                0x000000000800ba5c                malloc
 .text.free     0x000000000800ba6c       0x10 /opt/st/stm32cubeide_1.13.1/plugins/com.st.stm32cube.ide.mcu.externaltools.gnu-tools-for-stm32.11.3.rel1.linux64_1.1.0.202305231506/tools/bin/../lib/gcc/arm-none-eabi/11.3.1/../../../../arm-none-eabi/lib/thumb/v7e-m/nofp/libg.a(libc_a-malloc.o)
                0x000000000800ba6c                free
 .text._malloc_r
                0x000000000800ba7c      0x474 /opt/st/stm32cubeide_1.13.1/plugins/com.st.stm32cube.ide.mcu.externaltools.gnu-tools-for-stm32.11.3.rel1.linux64_1.1.0.202305231506/tools/bin/../lib/gcc/arm-none-eabi/11.3.1/../../../../arm-none-eabi/lib/thumb/v7e-m/nofp/libg.a(libc_a-mallocr.o)
                0x000000000800ba7c                _malloc_r
 .text.__malloc_lock
                0x000000000800bef0        0xc /opt/st/stm32cubeide_1.13.1/plugins/com.st.stm32cube.ide.mcu.externaltools.gnu-tools-for-stm32.11.3.rel1.linux64_1.1.0.202305231506/tools/bin/../lib/gcc/arm-none-eabi/11.3.1/../../../../arm-none-eabi/lib/thumb/v7e-m/nofp/libg.a(libc_a-mlock.o)
                0x000000000800bef0                __malloc_lock
 .text.__malloc_unlock
                0x000000000800befc        0xc /opt/st/stm32cubeide_1.13.1/plugins/com.st.stm32cube.ide.mcu.externaltools.gnu-tools-for-stm32.11.3.rel1.linux64_1.1.0.202305231506/tools/bin/../lib/gcc/arm-none-eabi/11.3.1/../../../../arm-none-eabi/lib/thumb/v7e-m/nofp/libg.a(libc_a-mlock.o)
                0x000000000800befc                __malloc_unlock
 .text.realloc  0x000000000800bf08       0x10 /opt/st/stm32cubeide_1.13.1/plugins/com.st.stm32cube.ide.mcu.externaltools.gnu-tools-for-stm32.11.3.rel1.linux64_1.1.0.202305231506/tools/bin/../lib/gcc/arm-none-eabi/11.3.1/../../../../arm-none-eabi/lib/thumb/v7e-m/nofp/libg.a(libc_a-realloc.o)
                0x000000000800bf08                realloc
 .text._realloc_r
                0x000000000800bf18      0x34c /opt/st/stm32cubeide_1.13.1/plugins/com.st.stm32cube.ide.mcu.externaltools.gnu-tools-for-stm32.11.3.rel1.linux64_1.1.0.202305231506/tools/bin/../lib/gcc/arm-none-eabi/11.3.1/../../../../arm-none-eabi/lib/thumb/v7e-m/nofp/libg.a(libc_a-reallocr.o)
                0x000000000800bf18                _realloc_r
 .text.std      0x000000000800c264       0x48 /opt/st/stm32cubeide_1.13.1/plugins/com.st.stm32cube.ide.mcu.externaltools.gnu-tools-for-stm32.11.3.rel1.linux64_1.1.0.202305231506/tools/bin/../lib/gcc/arm-none-eabi/11.3.1/../../../../arm-none-eabi/lib/thumb/v7e-m/nofp/libg.a(libc_a-findfp.o)
 .text.stdio_exit_handler
                0x000000000800c2ac       0x18 /opt/st/stm32cubeide_1.13.1/plugins/com.st.stm32cube.ide.mcu.externaltools.gnu-tools-for-stm32.11.3.rel1.linux64_1.1.0.202305231506/tools/bin/../lib/gcc/arm-none-eabi/11.3.1/../../../../arm-none-eabi/lib/thumb/v7e-m/nofp/libg.a(libc_a-findfp.o)
 .text.cleanup_stdio
                0x000000000800c2c4       0x40 /opt/st/stm32cubeide_1.13.1/plugins/com.st.stm32cube.ide.mcu.externaltools.gnu-tools-for-stm32.11.3.rel1.linux64_1.1.0.202305231506/tools/bin/../lib/gcc/arm-none-eabi/11.3.1/../../../../arm-none-eabi/lib/thumb/v7e-m/nofp/libg.a(libc_a-findfp.o)
 .text.global_stdio_init.part.0
                0x000000000800c304       0x3c /opt/st/stm32cubeide_1.13.1/plugins/com.st.stm32cube.ide.mcu.externaltools.gnu-tools-for-stm32.11.3.rel1.linux64_1.1.0.202305231506/tools/bin/../lib/gcc/arm-none-eabi/11.3.1/../../../../arm-none-eabi/lib/thumb/v7e-m/nofp/libg.a(libc_a-findfp.o)
 .text.__sfp_lock_acquire
                0x000000000800c340        0xc /opt/st/stm32cubeide_1.13.1/plugins/com.st.stm32cube.ide.mcu.externaltools.gnu-tools-for-stm32.11.3.rel1.linux64_1.1.0.202305231506/tools/bin/../lib/gcc/arm-none-eabi/11.3.1/../../../../arm-none-eabi/lib/thumb/v7e-m/nofp/libg.a(libc_a-findfp.o)
                0x000000000800c340                __sfp_lock_acquire
 .text.__sfp_lock_release
                0x000000000800c34c        0xc /opt/st/stm32cubeide_1.13.1/plugins/com.st.stm32cube.ide.mcu.externaltools.gnu-tools-for-stm32.11.3.rel1.linux64_1.1.0.202305231506/tools/bin/../lib/gcc/arm-none-eabi/11.3.1/../../../../arm-none-eabi/lib/thumb/v7e-m/nofp/libg.a(libc_a-findfp.o)
                0x000000000800c34c                __sfp_lock_release
 .text.__sinit  0x000000000800c358       0x30 /opt/st/stm32cubeide_1.13.1/plugins/com.st.stm32cube.ide.mcu.externaltools.gnu-tools-for-stm32.11.3.rel1.linux64_1.1.0.202305231506/tools/bin/../lib/gcc/arm-none-eabi/11.3.1/../../../../arm-none-eabi/lib/thumb/v7e-m/nofp/libg.a(libc_a-findfp.o)
                0x000000000800c358                __sinit
 .text._fputc_r
                0x000000000800c388       0x46 /opt/st/stm32cubeide_1.13.1/plugins/com.st.stm32cube.ide.mcu.externaltools.gnu-tools-for-stm32.11.3.rel1.linux64_1.1.0.202305231506/tools/bin/../lib/gcc/arm-none-eabi/11.3.1/../../../../arm-none-eabi/lib/thumb/v7e-m/nofp/libg.a(libc_a-fputc.o)
                0x000000000800c388                _fputc_r
 *fill*         0x000000000800c3ce        0x2 
 .text.fputc    0x000000000800c3d0       0x10 /opt/st/stm32cubeide_1.13.1/plugins/com.st.stm32cube.ide.mcu.externaltools.gnu-tools-for-stm32.11.3.rel1.linux64_1.1.0.202305231506/tools/bin/../lib/gcc/arm-none-eabi/11.3.1/../../../../arm-none-eabi/lib/thumb/v7e-m/nofp/libg.a(libc_a-fputc.o)
                0x000000000800c3d0                fputc
 .text._fputs_r
                0x000000000800c3e0       0x74 /opt/st/stm32cubeide_1.13.1/plugins/com.st.stm32cube.ide.mcu.externaltools.gnu-tools-for-stm32.11.3.rel1.linux64_1.1.0.202305231506/tools/bin/../lib/gcc/arm-none-eabi/11.3.1/../../../../arm-none-eabi/lib/thumb/v7e-m/nofp/libg.a(libc_a-fputs.o)
                0x000000000800c3e0                _fputs_r
 .text.fputs    0x000000000800c454       0x10 /opt/st/stm32cubeide_1.13.1/plugins/com.st.stm32cube.ide.mcu.externaltools.gnu-tools-for-stm32.11.3.rel1.linux64_1.1.0.202305231506/tools/bin/../lib/gcc/arm-none-eabi/11.3.1/../../../../arm-none-eabi/lib/thumb/v7e-m/nofp/libg.a(libc_a-fputs.o)
                0x000000000800c454                fputs
 .text.__sfvwrite_r
                0x000000000800c464      0x294 /opt/st/stm32cubeide_1.13.1/plugins/com.st.stm32cube.ide.mcu.externaltools.gnu-tools-for-stm32.11.3.rel1.linux64_1.1.0.202305231506/tools/bin/../lib/gcc/arm-none-eabi/11.3.1/../../../../arm-none-eabi/lib/thumb/v7e-m/nofp/libg.a(libc_a-fvwrite.o)
                0x000000000800c464                __sfvwrite_r
 .text._fwalk_sglue
                0x000000000800c6f8       0x3c /opt/st/stm32cubeide_1.13.1/plugins/com.st.stm32cube.ide.mcu.externaltools.gnu-tools-for-stm32.11.3.rel1.linux64_1.1.0.202305231506/tools/bin/../lib/gcc/arm-none-eabi/11.3.1/../../../../arm-none-eabi/lib/thumb/v7e-m/nofp/libg.a(libc_a-fwalk.o)
                0x000000000800c6f8                _fwalk_sglue
 .text._fwrite_r
                0x000000000800c734       0x92 /opt/st/stm32cubeide_1.13.1/plugins/com.st.stm32cube.ide.mcu.externaltools.gnu-tools-for-stm32.11.3.rel1.linux64_1.1.0.202305231506/tools/bin/../lib/gcc/arm-none-eabi/11.3.1/../../../../arm-none-eabi/lib/thumb/v7e-m/nofp/libg.a(libc_a-fwrite.o)
                0x000000000800c734                _fwrite_r
 *fill*         0x000000000800c7c6        0x2 
 .text.fwrite   0x000000000800c7c8       0x1c /opt/st/stm32cubeide_1.13.1/plugins/com.st.stm32cube.ide.mcu.externaltools.gnu-tools-for-stm32.11.3.rel1.linux64_1.1.0.202305231506/tools/bin/../lib/gcc/arm-none-eabi/11.3.1/../../../../arm-none-eabi/lib/thumb/v7e-m/nofp/libg.a(libc_a-fwrite.o)
                0x000000000800c7c8                fwrite
 .text._putc_r  0x000000000800c7e4       0x68 /opt/st/stm32cubeide_1.13.1/plugins/com.st.stm32cube.ide.mcu.externaltools.gnu-tools-for-stm32.11.3.rel1.linux64_1.1.0.202305231506/tools/bin/../lib/gcc/arm-none-eabi/11.3.1/../../../../arm-none-eabi/lib/thumb/v7e-m/nofp/libg.a(libc_a-putc.o)
                0x000000000800c7e4                _putc_r
 .text.sprintf  0x000000000800c84c       0x40 /opt/st/stm32cubeide_1.13.1/plugins/com.st.stm32cube.ide.mcu.externaltools.gnu-tools-for-stm32.11.3.rel1.linux64_1.1.0.202305231506/tools/bin/../lib/gcc/arm-none-eabi/11.3.1/../../../../arm-none-eabi/lib/thumb/v7e-m/nofp/libg.a(libc_a-sprintf.o)
                0x000000000800c84c                sprintf
 .text.__sread  0x000000000800c88c       0x22 /opt/st/stm32cubeide_1.13.1/plugins/com.st.stm32cube.ide.mcu.externaltools.gnu-tools-for-stm32.11.3.rel1.linux64_1.1.0.202305231506/tools/bin/../lib/gcc/arm-none-eabi/11.3.1/../../../../arm-none-eabi/lib/thumb/v7e-m/nofp/libg.a(libc_a-stdio.o)
                0x000000000800c88c                __sread
 .text.__swrite
                0x000000000800c8ae       0x38 /opt/st/stm32cubeide_1.13.1/plugins/com.st.stm32cube.ide.mcu.externaltools.gnu-tools-for-stm32.11.3.rel1.linux64_1.1.0.202305231506/tools/bin/../lib/gcc/arm-none-eabi/11.3.1/../../../../arm-none-eabi/lib/thumb/v7e-m/nofp/libg.a(libc_a-stdio.o)
                0x000000000800c8ae                __swrite
 .text.__sseek  0x000000000800c8e6       0x24 /opt/st/stm32cubeide_1.13.1/plugins/com.st.stm32cube.ide.mcu.externaltools.gnu-tools-for-stm32.11.3.rel1.linux64_1.1.0.202305231506/tools/bin/../lib/gcc/arm-none-eabi/11.3.1/../../../../arm-none-eabi/lib/thumb/v7e-m/nofp/libg.a(libc_a-stdio.o)
                0x000000000800c8e6                __sseek
 .text.__sclose
                0x000000000800c90a        0x8 /opt/st/stm32cubeide_1.13.1/plugins/com.st.stm32cube.ide.mcu.externaltools.gnu-tools-for-stm32.11.3.rel1.linux64_1.1.0.202305231506/tools/bin/../lib/gcc/arm-none-eabi/11.3.1/../../../../arm-none-eabi/lib/thumb/v7e-m/nofp/libg.a(libc_a-stdio.o)
                0x000000000800c90a                __sclose
 .text.__swbuf_r
                0x000000000800c912       0x92 /opt/st/stm32cubeide_1.13.1/plugins/com.st.stm32cube.ide.mcu.externaltools.gnu-tools-for-stm32.11.3.rel1.linux64_1.1.0.202305231506/tools/bin/../lib/gcc/arm-none-eabi/11.3.1/../../../../arm-none-eabi/lib/thumb/v7e-m/nofp/libg.a(libc_a-wbuf.o)
                0x000000000800c912                __swbuf_r
 .text.__swsetup_r
                0x000000000800c9a4       0xb0 /opt/st/stm32cubeide_1.13.1/plugins/com.st.stm32cube.ide.mcu.externaltools.gnu-tools-for-stm32.11.3.rel1.linux64_1.1.0.202305231506/tools/bin/../lib/gcc/arm-none-eabi/11.3.1/../../../../arm-none-eabi/lib/thumb/v7e-m/nofp/libg.a(libc_a-wsetup.o)
                0x000000000800c9a4                __swsetup_r
 .text.memcmp   0x000000000800ca54       0x20 /opt/st/stm32cubeide_1.13.1/plugins/com.st.stm32cube.ide.mcu.externaltools.gnu-tools-for-stm32.11.3.rel1.linux64_1.1.0.202305231506/tools/bin/../lib/gcc/arm-none-eabi/11.3.1/../../../../arm-none-eabi/lib/thumb/v7e-m/nofp/libg.a(libc_a-memcmp.o)
                0x000000000800ca54                memcmp
 .text.memmove  0x000000000800ca74       0x34 /opt/st/stm32cubeide_1.13.1/plugins/com.st.stm32cube.ide.mcu.externaltools.gnu-tools-for-stm32.11.3.rel1.linux64_1.1.0.202305231506/tools/bin/../lib/gcc/arm-none-eabi/11.3.1/../../../../arm-none-eabi/lib/thumb/v7e-m/nofp/libg.a(libc_a-memmove.o)
                0x000000000800ca74                memmove
 .text.memset   0x000000000800caa8       0x10 /opt/st/stm32cubeide_1.13.1/plugins/com.st.stm32cube.ide.mcu.externaltools.gnu-tools-for-stm32.11.3.rel1.linux64_1.1.0.202305231506/tools/bin/../lib/gcc/arm-none-eabi/11.3.1/../../../../arm-none-eabi/lib/thumb/v7e-m/nofp/libg.a(libc_a-memset.o)
                0x000000000800caa8                memset
 .text.strncmp  0x000000000800cab8       0x24 /opt/st/stm32cubeide_1.13.1/plugins/com.st.stm32cube.ide.mcu.externaltools.gnu-tools-for-stm32.11.3.rel1.linux64_1.1.0.202305231506/tools/bin/../lib/gcc/arm-none-eabi/11.3.1/../../../../arm-none-eabi/lib/thumb/v7e-m/nofp/libg.a(libc_a-strncmp.o)
                0x000000000800cab8                strncmp
 .text._raise_r
                0x000000000800cadc       0x52 /opt/st/stm32cubeide_1.13.1/plugins/com.st.stm32cube.ide.mcu.externaltools.gnu-tools-for-stm32.11.3.rel1.linux64_1.1.0.202305231506/tools/bin/../lib/gcc/arm-none-eabi/11.3.1/../../../../arm-none-eabi/lib/thumb/v7e-m/nofp/libg.a(libc_a-signal.o)
                0x000000000800cadc                _raise_r
 *fill*         0x000000000800cb2e        0x2 
 .text.raise    0x000000000800cb30       0x10 /opt/st/stm32cubeide_1.13.1/plugins/com.st.stm32cube.ide.mcu.externaltools.gnu-tools-for-stm32.11.3.rel1.linux64_1.1.0.202305231506/tools/bin/../lib/gcc/arm-none-eabi/11.3.1/../../../../arm-none-eabi/lib/thumb/v7e-m/nofp/libg.a(libc_a-signal.o)
                0x000000000800cb30                raise
 .text._close_r
                0x000000000800cb40       0x20 /opt/st/stm32cubeide_1.13.1/plugins/com.st.stm32cube.ide.mcu.externaltools.gnu-tools-for-stm32.11.3.rel1.linux64_1.1.0.202305231506/tools/bin/../lib/gcc/arm-none-eabi/11.3.1/../../../../arm-none-eabi/lib/thumb/v7e-m/nofp/libg.a(libc_a-closer.o)
                0x000000000800cb40                _close_r
 .text._lseek_r
                0x000000000800cb60       0x24 /opt/st/stm32cubeide_1.13.1/plugins/com.st.stm32cube.ide.mcu.externaltools.gnu-tools-for-stm32.11.3.rel1.linux64_1.1.0.202305231506/tools/bin/../lib/gcc/arm-none-eabi/11.3.1/../../../../arm-none-eabi/lib/thumb/v7e-m/nofp/libg.a(libc_a-lseekr.o)
                0x000000000800cb60                _lseek_r
 .text._read_r  0x000000000800cb84       0x24 /opt/st/stm32cubeide_1.13.1/plugins/com.st.stm32cube.ide.mcu.externaltools.gnu-tools-for-stm32.11.3.rel1.linux64_1.1.0.202305231506/tools/bin/../lib/gcc/arm-none-eabi/11.3.1/../../../../arm-none-eabi/lib/thumb/v7e-m/nofp/libg.a(libc_a-readr.o)
                0x000000000800cb84                _read_r
 .text._kill_r  0x000000000800cba8       0x24 /opt/st/stm32cubeide_1.13.1/plugins/com.st.stm32cube.ide.mcu.externaltools.gnu-tools-for-stm32.11.3.rel1.linux64_1.1.0.202305231506/tools/bin/../lib/gcc/arm-none-eabi/11.3.1/../../../../arm-none-eabi/lib/thumb/v7e-m/nofp/libg.a(libc_a-signalr.o)
                0x000000000800cba8                _kill_r
 .text._getpid_r
                0x000000000800cbcc        0x4 /opt/st/stm32cubeide_1.13.1/plugins/com.st.stm32cube.ide.mcu.externaltools.gnu-tools-for-stm32.11.3.rel1.linux64_1.1.0.202305231506/tools/bin/../lib/gcc/arm-none-eabi/11.3.1/../../../../arm-none-eabi/lib/thumb/v7e-m/nofp/libg.a(libc_a-signalr.o)
                0x000000000800cbcc                _getpid_r
 .text._sbrk_r  0x000000000800cbd0       0x20 /opt/st/stm32cubeide_1.13.1/plugins/com.st.stm32cube.ide.mcu.externaltools.gnu-tools-for-stm32.11.3.rel1.linux64_1.1.0.202305231506/tools/bin/../lib/gcc/arm-none-eabi/11.3.1/../../../../arm-none-eabi/lib/thumb/v7e-m/nofp/libg.a(libc_a-sbrkr.o)
                0x000000000800cbd0                _sbrk_r
 .text._write_r
                0x000000000800cbf0       0x24 /opt/st/stm32cubeide_1.13.1/plugins/com.st.stm32cube.ide.mcu.externaltools.gnu-tools-for-stm32.11.3.rel1.linux64_1.1.0.202305231506/tools/bin/../lib/gcc/arm-none-eabi/11.3.1/../../../../arm-none-eabi/lib/thumb/v7e-m/nofp/libg.a(libc_a-writer.o)
                0x000000000800cbf0                _write_r
 .text.__errno  0x000000000800cc14        0xc /opt/st/stm32cubeide_1.13.1/plugins/com.st.stm32cube.ide.mcu.externaltools.gnu-tools-for-stm32.11.3.rel1.linux64_1.1.0.202305231506/tools/bin/../lib/gcc/arm-none-eabi/11.3.1/../../../../arm-none-eabi/lib/thumb/v7e-m/nofp/libg.a(libc_a-errno.o)
                0x000000000800cc14                __errno
 .text.__libc_init_array
                0x000000000800cc20       0x48 /opt/st/stm32cubeide_1.13.1/plugins/com.st.stm32cube.ide.mcu.externaltools.gnu-tools-for-stm32.11.3.rel1.linux64_1.1.0.202305231506/tools/bin/../lib/gcc/arm-none-eabi/11.3.1/../../../../arm-none-eabi/lib/thumb/v7e-m/nofp/libg.a(libc_a-init.o)
                0x000000000800cc20                __libc_init_array
 .text.__retarget_lock_init_recursive
                0x000000000800cc68        0x2 /opt/st/stm32cubeide_1.13.1/plugins/com.st.stm32cube.ide.mcu.externaltools.gnu-tools-for-stm32.11.3.rel1.linux64_1.1.0.202305231506/tools/bin/../lib/gcc/arm-none-eabi/11.3.1/../../../../arm-none-eabi/lib/thumb/v7e-m/nofp/libg.a(libc_a-lock.o)
                0x000000000800cc68                __retarget_lock_init_recursive
 .text.__retarget_lock_close_recursive
                0x000000000800cc6a        0x2 /opt/st/stm32cubeide_1.13.1/plugins/com.st.stm32cube.ide.mcu.externaltools.gnu-tools-for-stm32.11.3.rel1.linux64_1.1.0.202305231506/tools/bin/../lib/gcc/arm-none-eabi/11.3.1/../../../../arm-none-eabi/lib/thumb/v7e-m/nofp/libg.a(libc_a-lock.o)
                0x000000000800cc6a                __retarget_lock_close_recursive
 .text.__retarget_lock_acquire_recursive
                0x000000000800cc6c        0x2 /opt/st/stm32cubeide_1.13.1/plugins/com.st.stm32cube.ide.mcu.externaltools.gnu-tools-for-stm32.11.3.rel1.linux64_1.1.0.202305231506/tools/bin/../lib/gcc/arm-none-eabi/11.3.1/../../../../arm-none-eabi/lib/thumb/v7e-m/nofp/libg.a(libc_a-lock.o)
                0x000000000800cc6c                __retarget_lock_acquire_recursive
 .text.__retarget_lock_release_recursive
                0x000000000800cc6e        0x2 /opt/st/stm32cubeide_1.13.1/plugins/com.st.stm32cube.ide.mcu.externaltools.gnu-tools-for-stm32.11.3.rel1.linux64_1.1.0.202305231506/tools/bin/../lib/gcc/arm-none-eabi/11.3.1/../../../../arm-none-eabi/lib/thumb/v7e-m/nofp/libg.a(libc_a-lock.o)
                0x000000000800cc6e                __retarget_lock_release_recursive
 .text.sysconf  0x000000000800cc70       0x18 /opt/st/stm32cubeide_1.13.1/plugins/com.st.stm32cube.ide.mcu.externaltools.gnu-tools-for-stm32.11.3.rel1.linux64_1.1.0.202305231506/tools/bin/../lib/gcc/arm-none-eabi/11.3.1/../../../../arm-none-eabi/lib/thumb/v7e-m/nofp/libg.a(libc_a-sysconf.o)
                0x000000000800cc70                sysconf
 .text.memcpy   0x000000000800cc88       0x1c /opt/st/stm32cubeide_1.13.1/plugins/com.st.stm32cube.ide.mcu.externaltools.gnu-tools-for-stm32.11.3.rel1.linux64_1.1.0.202305231506/tools/bin/../lib/gcc/arm-none-eabi/11.3.1/../../../../arm-none-eabi/lib/thumb/v7e-m/nofp/libg.a(libc_a-memcpy-stub.o)
                0x000000000800cc88                memcpy
 .text.startup.register_fini
                0x000000000800cca4       0x14 /opt/st/stm32cubeide_1.13.1/plugins/com.st.stm32cube.ide.mcu.externaltools.gnu-tools-for-stm32.11.3.rel1.linux64_1.1.0.202305231506/tools/bin/../lib/gcc/arm-none-eabi/11.3.1/../../../../arm-none-eabi/lib/thumb/v7e-m/nofp/libg.a(libc_a-__call_atexit.o)
 .text.atexit   0x000000000800ccb8        0xc /opt/st/stm32cubeide_1.13.1/plugins/com.st.stm32cube.ide.mcu.externaltools.gnu-tools-for-stm32.11.3.rel1.linux64_1.1.0.202305231506/tools/bin/../lib/gcc/arm-none-eabi/11.3.1/../../../../arm-none-eabi/lib/thumb/v7e-m/nofp/libg.a(libc_a-atexit.o)
                0x000000000800ccb8                atexit
 .text._malloc_trim_r
                0x000000000800ccc4       0xa8 /opt/st/stm32cubeide_1.13.1/plugins/com.st.stm32cube.ide.mcu.externaltools.gnu-tools-for-stm32.11.3.rel1.linux64_1.1.0.202305231506/tools/bin/../lib/gcc/arm-none-eabi/11.3.1/../../../../arm-none-eabi/lib/thumb/v7e-m/nofp/libg.a(libc_a-freer.o)