../Drivers/STM32G0xx_HAL_Driver/Src/stm32g0xx_hal_pwr_ex.c:131:6:HAL_PWREx_EnableBatteryCharging	24	static
../Drivers/STM32G0xx_HAL_Driver/Src/stm32g0xx_hal_pwr_ex.c:146:6:HAL_PWREx_DisableBatteryCharging	8	static
../Drivers/STM32G0xx_HAL_Driver/Src/stm32g0xx_hal_pwr_ex.c:159:6:HAL_PWREx_EnablePORMonitorSampling	8	static
../Drivers/STM32G0xx_HAL_Driver/Src/stm32g0xx_hal_pwr_ex.c:169:6:HAL_PWREx_DisablePORMonitorSampling	8	static
../Drivers/STM32G0xx_HAL_Driver/Src/stm32g0xx_hal_pwr_ex.c:187:19:HAL_PWREx_ConfigPVD	16	static
../Drivers/STM32G0xx_HAL_Driver/Src/stm32g0xx_hal_pwr_ex.c:233:6:HAL_PWREx_EnablePVD	8	static
../Drivers/STM32G0xx_HAL_Driver/Src/stm32g0xx_hal_pwr_ex.c:243:6:HAL_PWREx_DisablePVD	8	static
../Drivers/STM32G0xx_HAL_Driver/Src/stm32g0xx_hal_pwr_ex.c:255:6:HAL_PWREx_EnableVddUSB	8	static
../Drivers/STM32G0xx_HAL_Driver/Src/stm32g0xx_hal_pwr_ex.c:264:6:HAL_PWREx_DisableVddUSB	8	static
../Drivers/STM32G0xx_HAL_Driver/Src/stm32g0xx_hal_pwr_ex.c:276:6:HAL_PWREx_EnableVddIO2	8	static
../Drivers/STM32G0xx_HAL_Driver/Src/stm32g0xx_hal_pwr_ex.c:286:6:HAL_PWREx_DisableVddIO2	8	static
../Drivers/STM32G0xx_HAL_Driver/Src/stm32g0xx_hal_pwr_ex.c:297:6:HAL_PWREx_EnablePVMUSB	8	static
../Drivers/STM32G0xx_HAL_Driver/Src/stm32g0xx_hal_pwr_ex.c:306:6:HAL_PWREx_DisablePVMUSB	8	static
../Drivers/STM32G0xx_HAL_Driver/Src/stm32g0xx_hal_pwr_ex.c:325:19:HAL_PWREx_ConfigPVM	24	static
../Drivers/STM32G0xx_HAL_Driver/Src/stm32g0xx_hal_pwr_ex.c:381:6:HAL_PWREx_EnableInternalWakeUpLine	8	static
../Drivers/STM32G0xx_HAL_Driver/Src/stm32g0xx_hal_pwr_ex.c:390:6:HAL_PWREx_DisableInternalWakeUpLine	8	static
../Drivers/STM32G0xx_HAL_Driver/Src/stm32g0xx_hal_pwr_ex.c:414:19:HAL_PWREx_EnableGPIOPullUp	24	static
../Drivers/STM32G0xx_HAL_Driver/Src/stm32g0xx_hal_pwr_ex.c:476:19:HAL_PWREx_DisableGPIOPullUp	24	static
../Drivers/STM32G0xx_HAL_Driver/Src/stm32g0xx_hal_pwr_ex.c:538:19:HAL_PWREx_EnableGPIOPullDown	24	static
../Drivers/STM32G0xx_HAL_Driver/Src/stm32g0xx_hal_pwr_ex.c:600:19:HAL_PWREx_DisableGPIOPullDown	24	static
../Drivers/STM32G0xx_HAL_Driver/Src/stm32g0xx_hal_pwr_ex.c:653:6:HAL_PWREx_EnablePullUpPullDownConfig	8	static
../Drivers/STM32G0xx_HAL_Driver/Src/stm32g0xx_hal_pwr_ex.c:664:6:HAL_PWREx_DisablePullUpPullDownConfig	8	static
../Drivers/STM32G0xx_HAL_Driver/Src/stm32g0xx_hal_pwr_ex.c:676:6:HAL_PWREx_EnableSRAMRetention	8	static
../Drivers/STM32G0xx_HAL_Driver/Src/stm32g0xx_hal_pwr_ex.c:688:6:HAL_PWREx_DisableSRAMRetention	8	static
../Drivers/STM32G0xx_HAL_Driver/Src/stm32g0xx_hal_pwr_ex.c:704:6:HAL_PWREx_EnableFlashPowerDown	16	static
../Drivers/STM32G0xx_HAL_Driver/Src/stm32g0xx_hal_pwr_ex.c:722:6:HAL_PWREx_DisableFlashPowerDown	16	static
../Drivers/STM32G0xx_HAL_Driver/Src/stm32g0xx_hal_pwr_ex.c:736:10:HAL_PWREx_GetVoltageRange	8	static
../Drivers/STM32G0xx_HAL_Driver/Src/stm32g0xx_hal_pwr_ex.c:762:19:HAL_PWREx_ControlVoltageScaling	24	static
../Drivers/STM32G0xx_HAL_Driver/Src/stm32g0xx_hal_pwr_ex.c:803:6:HAL_PWREx_EnableLowPowerRunMode	8	static
../Drivers/STM32G0xx_HAL_Driver/Src/stm32g0xx_hal_pwr_ex.c:818:19:HAL_PWREx_DisableLowPowerRunMode	16	static
../Drivers/STM32G0xx_HAL_Driver/Src/stm32g0xx_hal_pwr_ex.c:860:6:HAL_PWREx_EnterSHUTDOWNMode	8	static,ignoring_inline_asm
../Drivers/STM32G0xx_HAL_Driver/Src/stm32g0xx_hal_pwr_ex.c:884:6:HAL_PWREx_PVD_PVM_IRQHandler	8	static
../Drivers/STM32G0xx_HAL_Driver/Src/stm32g0xx_hal_pwr_ex.c:931:13:HAL_PWREx_PVD_PVM_Rising_Callback	8	static
../Drivers/STM32G0xx_HAL_Driver/Src/stm32g0xx_hal_pwr_ex.c:942:13:HAL_PWREx_PVD_PVM_Falling_Callback	8	static
