../Drivers/STM32G0xx_HAL_Driver/Src/stm32g0xx_hal_rcc_ex.c:112:19:HAL_RCCEx_PeriphCLKConfig	32	static
../Drivers/STM32G0xx_HAL_Driver/Src/stm32g0xx_hal_rcc_ex.c:469:6:HAL_RCCEx_GetPeriphCLKConfig	16	static
../Drivers/STM32G0xx_HAL_Driver/Src/stm32g0xx_hal_rcc_ex.c:610:10:HAL_RCCEx_GetPeriphCLKFreq	32	static
../Drivers/STM32G0xx_HAL_Driver/Src/stm32g0xx_hal_rcc_ex.c:1216:6:HAL_RCCEx_EnableLSCO	56	static
../Drivers/STM32G0xx_HAL_Driver/Src/stm32g0xx_hal_rcc_ex.c:1263:6:HAL_RCCEx_DisableLSCO	16	static
../Drivers/STM32G0xx_HAL_Driver/Src/stm32g0xx_hal_rcc_ex.c:1370:6:HAL_RCCEx_CRSConfig	24	static
../Drivers/STM32G0xx_HAL_Driver/Src/stm32g0xx_hal_rcc_ex.c:1412:6:HAL_RCCEx_CRSSoftwareSynchronizationGenerate	8	static
../Drivers/STM32G0xx_HAL_Driver/Src/stm32g0xx_hal_rcc_ex.c:1422:6:HAL_RCCEx_CRSGetSynchronizationInfo	16	static
../Drivers/STM32G0xx_HAL_Driver/Src/stm32g0xx_hal_rcc_ex.c:1455:10:HAL_RCCEx_CRSWaitSynchronization	24	static
../Drivers/STM32G0xx_HAL_Driver/Src/stm32g0xx_hal_rcc_ex.c:1538:6:HAL_RCCEx_CRS_IRQHandler	24	static
../Drivers/STM32G0xx_HAL_Driver/Src/stm32g0xx_hal_rcc_ex.c:1603:13:HAL_RCCEx_CRS_SyncOkCallback	8	static
../Drivers/STM32G0xx_HAL_Driver/Src/stm32g0xx_hal_rcc_ex.c:1614:13:HAL_RCCEx_CRS_SyncWarnCallback	8	static
../Drivers/STM32G0xx_HAL_Driver/Src/stm32g0xx_hal_rcc_ex.c:1625:13:HAL_RCCEx_CRS_ExpectedSyncCallback	8	static
../Drivers/STM32G0xx_HAL_Driver/Src/stm32g0xx_hal_rcc_ex.c:1641:13:HAL_RCCEx_CRS_ErrorCallback	16	static
