../Drivers/STM32G0xx_HAL_Driver/Src/stm32g0xx_hal.c:143:19:HAL_Init	16	static
../Drivers/STM32G0xx_HAL_Driver/Src/stm32g0xx_hal.c:180:19:HAL_DeInit	8	static
../Drivers/STM32G0xx_HAL_Driver/Src/stm32g0xx_hal.c:206:13:HAL_MspInit	8	static
../Drivers/STM32G0xx_HAL_Driver/Src/stm32g0xx_hal.c:217:13:HAL_MspDeInit	8	static
../Drivers/STM32G0xx_HAL_Driver/Src/stm32g0xx_hal.c:240:26:HAL_InitTick	32	static
../Drivers/STM32G0xx_HAL_Driver/Src/stm32g0xx_hal.c:308:13:HAL_IncTick	8	static
../Drivers/STM32G0xx_HAL_Driver/Src/stm32g0xx_hal.c:319:17:HAL_GetTick	8	static
../Drivers/STM32G0xx_HAL_Driver/Src/stm32g0xx_hal.c:328:10:HAL_GetTickPrio	8	static
../Drivers/STM32G0xx_HAL_Driver/Src/stm32g0xx_hal.c:337:19:HAL_SetTickFreq	40	static
../Drivers/STM32G0xx_HAL_Driver/Src/stm32g0xx_hal.c:368:21:HAL_GetTickFreq	8	static
../Drivers/STM32G0xx_HAL_Driver/Src/stm32g0xx_hal.c:384:13:HAL_Delay	24	static
../Drivers/STM32G0xx_HAL_Driver/Src/stm32g0xx_hal.c:410:13:HAL_SuspendTick	8	static
../Drivers/STM32G0xx_HAL_Driver/Src/stm32g0xx_hal.c:426:13:HAL_ResumeTick	8	static
../Drivers/STM32G0xx_HAL_Driver/Src/stm32g0xx_hal.c:436:10:HAL_GetHalVersion	8	static
../Drivers/STM32G0xx_HAL_Driver/Src/stm32g0xx_hal.c:445:10:HAL_GetREVID	8	static
../Drivers/STM32G0xx_HAL_Driver/Src/stm32g0xx_hal.c:454:10:HAL_GetDEVID	8	static
../Drivers/STM32G0xx_HAL_Driver/Src/stm32g0xx_hal.c:463:10:HAL_GetUIDw0	8	static
../Drivers/STM32G0xx_HAL_Driver/Src/stm32g0xx_hal.c:472:10:HAL_GetUIDw1	8	static
../Drivers/STM32G0xx_HAL_Driver/Src/stm32g0xx_hal.c:481:10:HAL_GetUIDw2	8	static
../Drivers/STM32G0xx_HAL_Driver/Src/stm32g0xx_hal.c:509:6:HAL_DBGMCU_EnableDBGStopMode	8	static
../Drivers/STM32G0xx_HAL_Driver/Src/stm32g0xx_hal.c:518:6:HAL_DBGMCU_DisableDBGStopMode	8	static
../Drivers/STM32G0xx_HAL_Driver/Src/stm32g0xx_hal.c:527:6:HAL_DBGMCU_EnableDBGStandbyMode	8	static
../Drivers/STM32G0xx_HAL_Driver/Src/stm32g0xx_hal.c:536:6:HAL_DBGMCU_DisableDBGStandbyMode	8	static
../Drivers/STM32G0xx_HAL_Driver/Src/stm32g0xx_hal.c:572:6:HAL_SYSCFG_VREFBUF_VoltageScalingConfig	16	static
../Drivers/STM32G0xx_HAL_Driver/Src/stm32g0xx_hal.c:587:6:HAL_SYSCFG_VREFBUF_HighImpedanceConfig	16	static
../Drivers/STM32G0xx_HAL_Driver/Src/stm32g0xx_hal.c:604:6:HAL_SYSCFG_VREFBUF_TrimmingConfig	16	static
../Drivers/STM32G0xx_HAL_Driver/Src/stm32g0xx_hal.c:616:19:HAL_SYSCFG_EnableVREFBUF	16	static
../Drivers/STM32G0xx_HAL_Driver/Src/stm32g0xx_hal.c:642:6:HAL_SYSCFG_DisableVREFBUF	8	static
../Drivers/STM32G0xx_HAL_Driver/Src/stm32g0xx_hal.c:652:6:HAL_SYSCFG_EnableIOAnalogSwitchBooster	8	static
../Drivers/STM32G0xx_HAL_Driver/Src/stm32g0xx_hal.c:661:6:HAL_SYSCFG_DisableIOAnalogSwitchBooster	8	static
../Drivers/STM32G0xx_HAL_Driver/Src/stm32g0xx_hal.c:674:6:HAL_SYSCFG_EnableRemap	16	static
../Drivers/STM32G0xx_HAL_Driver/Src/stm32g0xx_hal.c:689:6:HAL_SYSCFG_DisableRemap	16	static
../Drivers/STM32G0xx_HAL_Driver/Src/stm32g0xx_hal.c:704:6:HAL_SYSCFG_EnableClampingDiode	16	static
../Drivers/STM32G0xx_HAL_Driver/Src/stm32g0xx_hal.c:718:6:HAL_SYSCFG_DisableClampingDiode	16	static
../Drivers/STM32G0xx_HAL_Driver/Src/stm32g0xx_hal.c:735:6:HAL_SYSCFG_StrobeDBattpinsConfig	16	static
